
========================================================================
== placed images, printed frame ==

-- printed page 72 (pdf index 1) --
   xref  16  1700x 2200 bpc=8 x[   0.0, 612.0] y[   0.0, 792.0] ( 612.0 x  792.0 pt) dpi=200
   xref  17  3280x 3832 bpc=1 x[   4.3, 594.7] y[  42.5, 732.2] ( 590.4 x  689.8 pt) dpi=400
   xref  18  1080x  868 bpc=1 x[ 263.5, 457.9] y[  69.1, 225.4] ( 194.4 x  156.2 pt) dpi=400
   xref  19    80x 1064 bpc=1 x[   8.6,  23.0] y[  44.6, 236.2] (  14.4 x  191.5 pt) dpi=400

-- printed page 73 (pdf index 0) --
   xref   4  1700x 2200 bpc=8 x[   0.0, 612.0] y[   0.0, 792.0] ( 612.0 x  792.0 pt) dpi=200
   xref   5  2912x 3732 bpc=1 x[  23.0, 547.2] y[  88.6, 760.3] ( 524.2 x  671.8 pt) dpi=400
   xref   6   288x  164 bpc=1 x[ 175.7, 227.5] y[ 424.8, 454.3] (  51.8 x   29.5 pt) dpi=400
   xref   7   912x  112 bpc=1 x[  70.6, 234.7] y[ 156.2, 176.4] ( 164.2 x   20.2 pt) dpi=400
   xref   8   224x   32 bpc=1 x[  51.8,  92.2] y[  42.5,  48.2] (  40.3 x    5.8 pt) dpi=400

-- printed page 74 (pdf index 2) --
   xref  26  1700x 2200 bpc=8 x[   0.0, 612.0] y[   0.0, 792.0] ( 612.0 x  792.0 pt) dpi=200
   xref  27   224x   32 bpc=1 x[ 522.7, 563.0] y[  43.2,  49.0] (  40.3 x    5.8 pt) dpi=400

-- printed page 75 (pdf index 3) --
   xref  34  1700x 2200 bpc=8 x[   0.0, 612.0] y[   0.0, 792.0] ( 612.0 x  792.0 pt) dpi=200
   xref  35  2592x 3456 bpc=1 x[  21.6, 488.2] y[ 138.2, 760.3] ( 466.6 x  622.1 pt) dpi=400
   xref  36    56x 1536 bpc=1 x[ 596.2, 606.2] y[ 226.8, 503.3] (  10.1 x  276.5 pt) dpi=400
   xref  37  1488x  152 bpc=1 x[  50.4, 318.2] y[  87.1, 114.5] ( 267.8 x   27.4 pt) dpi=400
   xref  38   232x   32 bpc=1 x[  50.4,  92.2] y[  42.5,  48.2] (  41.8 x    5.8 pt) dpi=400

-- printed page 76 (pdf index 5) --
   xref  49  1700x 2200 bpc=8 x[   0.0, 612.0] y[   0.0, 792.0] ( 612.0 x  792.0 pt) dpi=200
   xref  50  2720x 3584 bpc=1 x[  96.5, 586.1] y[ 115.9, 761.0] ( 489.6 x  645.1 pt) dpi=400
   xref  51   232x   32 bpc=1 x[ 518.4, 560.2] y[  43.2,  49.0] (  41.8 x    5.8 pt) dpi=400

-- printed page 77 (pdf index 4) --
   xref  45  1700x 2200 bpc=8 x[   0.0, 612.0] y[   0.0, 792.0] ( 612.0 x  792.0 pt) dpi=200

-- printed page 78 (pdf index 7) --
   xref  73  1700x 2200 bpc=8 x[   0.0, 612.0] y[   0.0, 792.0] ( 612.0 x  792.0 pt) dpi=200
   xref  74  2720x 3672 bpc=1 x[  99.4, 589.0] y[ 100.1, 761.0] ( 489.6 x  661.0 pt) dpi=400
   xref  75    72x 2648 bpc=1 x[   2.9,  15.8] y[ 311.0, 787.7] (  13.0 x  476.6 pt) dpi=400
   xref  76    72x 2648 bpc=1 x[   2.9,  15.8] y[ 311.0, 787.7] (  13.0 x  476.6 pt) dpi=400
   xref  77    80x 1316 bpc=1 x[   2.9,  17.3] y[  10.8, 247.7] (  14.4 x  236.9 pt) dpi=400
   xref  78   232x   36 bpc=1 x[ 521.3, 563.0] y[  43.2,  49.7] (  41.8 x    6.5 pt) dpi=400

-- printed page 79 (pdf index 6) --
   xref  58  1700x 2200 bpc=8 x[   0.0, 612.0] y[   0.0, 792.0] ( 612.0 x  792.0 pt) dpi=200
   xref  59    48x  280 bpc=1 x[ 603.4, 612.0] y[ 735.1, 785.5] (   8.6 x   50.4 pt) dpi=400
   xref  60  2728x 2800 bpc=1 x[  24.5, 515.5] y[  99.4, 603.4] ( 491.0 x  504.0 pt) dpi=400
   xref  61    40x  180 bpc=1 x[ 604.8, 612.0] y[ 413.3, 445.7] (   7.2 x   32.4 pt) dpi=400
   xref  62    56x  128 bpc=1 x[ 599.0, 609.1] y[ 222.5, 245.5] (  10.1 x   23.0 pt) dpi=400
   xref  63    56x  128 bpc=1 x[ 599.0, 609.1] y[ 222.5, 245.5] (  10.1 x   23.0 pt) dpi=400
   xref  64  1736x  172 bpc=1 x[ 138.2, 450.7] y[ 184.3, 215.3] ( 312.5 x   31.0 pt) dpi=400
   xref  65  1736x  172 bpc=1 x[ 138.2, 450.7] y[ 184.3, 215.3] ( 312.5 x   31.0 pt) dpi=400
   xref  66   232x   36 bpc=1 x[  50.4,  92.2] y[  43.9,  50.4] (  41.8 x    6.5 pt) dpi=400

========================================================================
== content-stream stencils: exact fill colours ==

-- printed page 72: scanner mode TEXTON, stream 7186 bytes --
   /Obj17    590.40 x 689.76 pt at printed x   4.32 y  42.48   fill = (105.1,106.1, 91.0)
   /Obj18    194.40 x 156.24 pt at printed x 263.52 y  69.12   fill = ( 50.0, 50.0, 50.0)
   /Obj19     14.40 x 191.52 pt at printed x   8.64 y  44.64   fill = (157.1,144.1,134.9)

-- printed page 73: scanner mode TEXTON, stream 1508 bytes --
   /Obj5     524.16 x 671.76 pt at printed x  23.04 y  88.56   fill = ( 50.0, 50.0, 50.0)
   /Obj6      51.84 x  29.52 pt at printed x 175.68 y 424.80   fill = (161.9,103.0, 75.0)
   /Obj7     164.16 x  20.16 pt at printed x  70.56 y 156.24   fill = ( 88.0, 88.0, 88.0)
   /Obj8      40.32 x   5.76 pt at printed x  51.84 y  42.48   fill = (251.9,135.9, 64.0)

-- printed page 74: scanner mode TEXTON, stream 214 bytes --
   /Obj27     40.32 x   5.76 pt at printed x 522.72 y  43.20   fill = (255.0,136.9, 82.1)

-- printed page 75: scanner mode TEXTON, stream 14178 bytes --
   /Obj35    466.56 x 622.08 pt at printed x  21.60 y 138.24   fill = (103.0, 85.9, 92.1)
   /Obj36     10.08 x 276.48 pt at printed x 596.16 y 226.80   fill = (166.0,155.0,154.0)
   /Obj37    267.84 x  27.36 pt at printed x  50.40 y  87.12   fill = ( 50.0, 50.0, 50.0)
   /Obj38     41.76 x   5.76 pt at printed x  50.40 y  42.48   fill = (253.0,136.9, 65.0)

-- printed page 76: scanner mode TEXTON, stream 13639 bytes --
   /Obj50    489.60 x 645.12 pt at printed x  96.48 y 115.92   fill = (101.0, 91.0, 95.1)
   /Obj51     41.76 x   5.76 pt at printed x 518.40 y  43.20   fill = (255.0,135.9, 81.1)

-- printed page 77: scanner mode TEXTOFF, stream 74 bytes --

-- printed page 78: scanner mode TEXTON, stream 13364 bytes --
   /Obj74    489.60 x 660.96 pt at printed x  99.36 y 100.08   fill = (107.1, 91.0, 93.1)
   /Obj75     12.96 x 476.64 pt at printed x   2.88 y 311.04   fill = (179.0,179.0,179.0)
   /Obj76     12.96 x 476.64 pt at printed x   2.88 y 311.04   fill = (202.0,168.0,180.0)
   /Obj77     14.40 x 236.88 pt at printed x   2.88 y  10.80   fill = (191.0,173.9,180.0)
   /Obj78     41.76 x   6.48 pt at printed x 521.28 y  43.20   fill = (254.0,138.0, 66.0)

-- printed page 79: scanner mode TEXTON, stream 10647 bytes --
   /Obj59      8.64 x  50.40 pt at printed x 603.36 y 735.12   fill = (170.1,172.9,156.1)
   /Obj60    491.04 x 504.00 pt at printed x  24.48 y  99.36   fill = (106.1, 90.0, 93.1)
   /Obj61      7.20 x  32.40 pt at printed x 604.80 y 413.28   fill = (232.1,131.1,165.0)
   /Obj62     10.08 x  23.04 pt at printed x 599.04 y 222.48   fill = (213.9,164.0,181.0)
   /Obj63     10.08 x  23.04 pt at printed x 599.04 y 222.48   fill = (174.9,159.9,148.9)
   /Obj64    312.48 x  30.96 pt at printed x 138.24 y 184.32   fill = (107.1, 90.0, 95.9)
   /Obj65    312.48 x  30.96 pt at printed x 138.24 y 184.32   fill = (157.1,131.1, 92.1)
   /Obj66     41.76 x   6.48 pt at printed x  50.40 y  43.92   fill = (253.0,136.9, 65.0)

========================================================================
== running head, window y 41-51 pt ==
  p72  x[530.38,566.56] y[42.80,48.74]  w=36.36 cap=6.12pt medRGB=(105, 106, 91)  offset-from-outer-edge=45.44pt
  p73  x[ 51.88, 91.84] y[42.98,48.20]  w=40.14 cap=5.40pt medRGB=(251, 135, 64)  offset-from-outer-edge=51.88pt
  p74  x[523.00,563.14] y[43.52,48.92]  w=40.32 cap=5.58pt medRGB=(255, 136, 82)  offset-from-outer-edge=48.86pt
  p75  x[ 50.98, 90.76] y[42.98,48.20]  w=39.96 cap=5.40pt medRGB=(252, 136, 65)  offset-from-outer-edge=50.98pt
  p76  x[519.26,559.22] y[43.70,48.92]  w=40.14 cap=5.40pt medRGB=(254, 135, 81)  offset-from-outer-edge=52.78pt
  p77  x[ 49.18, 88.60] y[44.06,48.92]  w=39.60 cap=5.04pt medRGB=(210, 128, 86)  offset-from-outer-edge=49.18pt
  p78  x[522.28,562.42] y[43.88,49.10]  w=40.32 cap=5.40pt medRGB=(253, 137, 66)  offset-from-outer-edge=49.58pt
  p79  x[ 51.34, 91.30] y[44.60,49.82]  w=40.14 cap=5.40pt medRGB=(251, 136, 65)  offset-from-outer-edge=51.34pt

========================================================================
== OVERDOSE running-head bitmaps (1-bit XObjects, 400 dpi) ==
  p73 xref  8 224x32px  cap= 5.40pt  width= 40.14pt  ink px=3190
  p74 xref 27 224x32px  cap= 5.40pt  width= 40.14pt  ink px=2885
  p75 xref 38 232x32px  cap= 5.40pt  width= 39.96pt  ink px=3013
  p76 xref 51 232x32px  cap= 5.22pt  width= 40.14pt  ink px=3072
  p78 xref 78 232x36px  cap= 5.40pt  width= 40.14pt  ink px=3328
  p79 xref 66 232x36px  cap= 5.40pt  width= 40.14pt  ink px=3117

  pairwise IoU after normalising each to its ink bbox:
        p73  p74  p75  p76  p78  p79
    p73 1.000  0.791  0.841  0.821  0.854  0.900
    p74 0.791  1.000  0.786  0.853  0.851  0.832
    p75 0.841  0.786  1.000  0.807  0.798  0.826
    p76 0.821  0.853  0.807  1.000  0.875  0.815
    p78 0.854  0.851  0.798  0.875  1.000  0.850
    p79 0.900  0.832  0.826  0.815  0.850  1.000

========================================================================
== page number, window y 744-768 pt, both outer corners ==
  p72 RIGHT x[574.56,585.36] y[750.84,759.48] w=10.98 cap=8.82pt medRGB=(121, 122, 109) n=969 thr=55
  p73 LEFT  x[ 29.00, 38.72] y[751.56,760.02] w= 9.90 cap=8.64pt medRGB=(49, 49, 49) n=878 thr=40
  p74 RIGHT x[573.66,584.46] y[751.02,759.84] w=10.98 cap=9.00pt medRGB=(141, 141, 141) n=1114 thr=40
  p75 LEFT  x[ 27.74, 37.46] y[751.74,760.20] w= 9.90 cap=8.64pt medRGB=(103, 85, 92) n=899 thr=40
  p76 RIGHT x[568.08,578.34] y[751.92,760.56] w=10.44 cap=8.82pt medRGB=(100, 91, 95) n=957 thr=40
  p77 ** NO FOLIO in either bottom corner **
  p78 RIGHT x[569.70,580.86] y[751.92,760.56] w=11.34 cap=8.82pt medRGB=(107, 91, 93) n=1183 thr=40
  p79 LEFT  x[ 32.24, 42.50] y[753.36,762.18] w=10.44 cap=9.00pt medRGB=(135, 137, 136) n=1092 thr=40

========================================================================
== rotated slug "Bitcoin Magazine | El Salvador", window y 335-475 pt ==
  p72 edge=RIGHT x[580.00,593.86] y[340.22,466.76] len=126.54pt medRGB=(105, 106, 91)
  p73 edge=LEFT  x[ 23.58, 32.94] y[340.58,467.30] len=126.72pt medRGB=(49, 49, 49)
  p74 edge=RIGHT x[586.00,599.86] y[335.00,474.68] len=139.68pt medRGB=(198, 199, 194)
  p75 edge=LEFT  x[ 22.58, 31.94] y[340.58,467.30] len=126.72pt medRGB=(103, 85, 92)
  p76 edge=RIGHT x[580.00,594.22] y[342.56,467.48] len=124.92pt medRGB=(100, 91, 95)
  p77 edge=LEFT  x[ 21.76, 30.94] y[341.66,467.84] len=126.18pt medRGB=(218, 210, 213)
  p78 edge=RIGHT x[580.00,587.92] y[341.30,467.66] len=126.36pt medRGB=(107, 91, 93)
  p79 edge=LEFT  x[ 25.22, 34.58] y[342.74,469.28] len=126.54pt medRGB=(106, 90, 93)

  reading direction -- normalised correlation against p73 rotated CCW:
   p72: ccw=+0.200 cw=+0.507 -> reads BOTTOM-TO-TOP
   p73: ccw=+1.000 cw=+0.269 -> reads TOP-TO-BOTTOM
   p74: ccw=-0.123 cw=-0.058 -> reads BOTTOM-TO-TOP
   p75: ccw=+0.973 cw=+0.249 -> reads TOP-TO-BOTTOM
   p76: ccw=-0.190 cw=-0.142 -> reads BOTTOM-TO-TOP
   p77: ccw=+0.859 cw=+0.234 -> reads TOP-TO-BOTTOM
   p78: ccw=+0.243 cw=+0.624 -> reads BOTTOM-TO-TOP
   p79: ccw=+0.826 cw=+0.267 -> reads TOP-TO-BOTTOM

========================================================================
== torn (binding) edge vs clean (trimmed) edge ==
  p72: scanner isolated 1 ragged-edge strip(s) on the LEFT: xref19 x[8.6,23.0] y[44.6,236.2]
  p73: no isolated edge strip (tear too shallow / no mask)
  p74: no isolated edge strip (tear too shallow / no mask)
  p75: scanner isolated 1 ragged-edge strip(s) on the RIGHT: xref36 x[596.2,606.2] y[226.8,503.3]
  p76: no isolated edge strip (tear too shallow / no mask)
  p77: no isolated edge strip (tear too shallow / no mask)
  p78: scanner isolated 3 ragged-edge strip(s) on the LEFT: xref75 x[2.9,15.8] y[311.0,787.7], xref76 x[2.9,15.8] y[311.0,787.7], xref77 x[2.9,17.3] y[10.8,247.7]
  p79: scanner isolated 2 ragged-edge strip(s) on the RIGHT: xref59 x[603.4,612.0] y[735.1,785.5], xref61 x[604.8,612.0] y[413.3,445.7]

========================================================================
== physical structure ==

  Every page carries its running head, its folio (7 of 8 -- page 77 has none)
  and its rotated issue slug on ONE edge, and the torn binding fringe on the
  other:

      page   furniture edge    torn (binding) edge
        72       RIGHT               LEFT
        73       LEFT                RIGHT
        74       RIGHT               LEFT
        75       LEFT                RIGHT
        76       RIGHT               LEFT
        77       LEFT                RIGHT
        78       RIGHT               LEFT
        79       LEFT                RIGHT

  Folios, running heads and edge slugs sit in the OUTER margin, never the
  gutter.  So the EVEN pages are right-hand pages (rectos) and the ODD pages
  are left-hand pages (versos) -- the reverse of the ordinary convention.

  A leaf is recto + the verso on its back, i.e. (even, even+1):

      leaves  :  72|73     74|75     76|77     78|79
      spreads :  71-72     73-74     75-76     77-78     79-80

  This inverts window/outside_the_box.md (which superimposed 73/74, 75/76 and
  77/78 as leaves -- those are the facing spreads) and window/page71.md (which
  made 71|72 a leaf -- they face each other).

