
=== p73: 5 gelatin capsules ===
 #    centroid(x,y)    axis    len    wid   L/W  pill px   cap%  capdir         cap RGB        body RGB
 1    779.0, 1652.3  -54.04  335.5  177.1  1.89    23502  35.3%   -44.2  [248, 146, 86] [223, 225, 227]
 2   1188.5, 1841.2  -23.49  332.4  129.4  2.57    25112  38.5%   -27.1  [250, 141, 89] [229, 229, 231]
 3   1455.7, 2183.0   -3.34  310.4  201.9  1.54    21571  39.9%    -9.4  [241, 140, 85] [222, 222, 223]
 4   1121.9, 2428.4   -4.10  302.4  214.0  1.41    21671  41.2%   -10.8  [240, 141, 81] [222, 225, 224]
 5    663.0, 2612.1  -75.81  285.4  236.0  1.21    19876  34.4%   -60.5  [247, 150, 87] [225, 228, 227]
   length px  mean 313.2 sd 21.0 (19.89 mm)   width mean 191.7
   pill area  mean 22346 px
   cap RGB    mean (245.2,143.6,85.6)
   axes       [-54.04, -23.49, -3.34, -4.1, -75.81]

=== p79: 5 gelatin capsules ===
 #    centroid(x,y)    axis    len    wid   L/W  pill px   cap%  capdir         cap RGB        body RGB
 1    147.7, 3203.0  -43.53  280.7  149.5  1.88    16496  30.7%   -32.0  [248, 153, 91] [228, 228, 223]
 2    486.8, 3293.3  -12.61  252.7   98.4  2.57    14195  40.4%   -15.7  [251, 149, 90] [231, 231, 225]
 3    731.1, 3508.6   +3.34  232.6  155.0  1.50    13062  40.0%    -3.8  [243, 151, 90] [225, 225, 219]
 4    512.7, 3740.2   +3.51  231.5  167.6  1.38    12889  41.5%    -0.6  [242, 145, 86] [226, 227, 221]
 5    194.8, 3936.7  -51.10  219.5  207.7  1.06    15790  26.2%   -49.5  [247, 152, 89] [231, 231, 226]
   length px  mean 243.4 sd 24.0 (15.46 mm)   width mean 155.6
   pill area  mean 14486 px
   cap RGB    mean (246.2,150.0,89.2)
   axes       [-43.53, -12.61, 3.34, 3.51, -51.1]

=== are the two capsule arrangements the same photograph? ===
  Procrustes p73 centroids -> p79 centroids (same top-to-bottom order)
  uniform scale      0.7617   (p79 is 1.313x smaller than p73)
  rotation           +10.23 deg
  per-point residual [3.7, 4.5, 1.6, 1.2, 2.3] px
  RMS residual       2.9 px = 0.3% of the 913 px cloud diameter
  best of all 120 orderings: 2.9 px for (0, 1, 2, 3, 4); median ordering 319.5 px

  rotation- and scale-invariant shape match, pill by pill:
  pill  p73 L/W  p79 L/W   diff   p73 cap%  p79 cap%   diff
     1     1.89     1.88  +0.02      35.3%     30.7%   +4.6
     2     2.57     2.57  +0.00      38.5%     40.4%   -1.8
     3     1.54     1.50  +0.04      39.9%     40.0%   -0.1
     4     1.41     1.38  +0.03      41.2%     41.5%   -0.3
     5     1.21     1.06  +0.15      34.4%     26.2%   +8.2
  long-axis rotation p73->p79, pill by pill: [10.5, 10.9, 6.7, 7.6, 24.7]  (mean +12.1)

=== capsule chip cross-correlation (180x180, rotation-normalised, cap to the right) ===
     73#1 73#2 73#3 73#4 73#5 79#1 79#2 79#3 79#4 79#5
73#1   1.00  0.61  0.73  0.70  0.87  0.10  0.58  0.42  0.76  0.80
73#2   0.61  1.00  0.63  0.61  0.46  0.24  0.96  0.50  0.46  0.39
73#3   0.73  0.63  1.00  0.95  0.77  0.37  0.60  0.74  0.61  0.54
73#4   0.70  0.61  0.95  1.00  0.74  0.44  0.57  0.78  0.57  0.51
73#5   0.87  0.46  0.77  0.74  1.00  0.19  0.42  0.50  0.75  0.74
79#1   0.10  0.24  0.37  0.44  0.19  1.00  0.26  0.70 -0.22 -0.12
79#2   0.58  0.96  0.60  0.57  0.42  0.26  1.00  0.49  0.41  0.36
79#3   0.42  0.50  0.74  0.78  0.50  0.70  0.49  1.00  0.20  0.18
79#4   0.76  0.46  0.61  0.57  0.75 -0.22  0.41  0.20  1.00  0.78
79#5   0.80  0.39  0.54  0.51  0.74 -0.12  0.36  0.18  0.78  1.00

 top 6 pairs:
   0.959  73#2 <-> 79#2
   0.952  73#3 <-> 73#4
   0.875  73#1 <-> 73#5
   0.802  73#1 <-> 79#5
   0.784  79#4 <-> 79#5
   0.779  73#4 <-> 79#3
 within-page  mean r = 0.506 (n=20)
 cross-page   mean r = 0.541 (n=25)

=== p76 painted X marks  (grey ink: lum<200, sat<45, ROI x2300-3400 y3350-4400) ===
  X#1  bbox x[2851,3355] y[3526,3890] = 505x365 px (1.26x0.91 in)
        centroid (3148,3741)  ink area 52860 px  bbox fill 28.7%  median RGB [94, 92, 91]
        stroke bearings -46.5 deg and +10.5 deg;  included angle 57.0 deg;  95th-pct stroke thickness 68 px
  X#2  bbox x[2392,2783] y[4035,4273] = 392x239 px (0.98x0.60 in)
        centroid (2603,4157)  ink area 36737 px  bbox fill 39.2%  median RGB [110, 104, 101]
        stroke bearings +12.5 deg and -39.5 deg;  included angle 52.0 deg;  95th-pct stroke thickness 61 px
  size ratio X#1/X#2: area 1.439 -> linear 1.200; diagonal 1.358; thickness 1.122
  centre-to-centre 686 px = 1.72 in, bearing -142.6 deg
