  corpus built: OK (1,561 phrases)
  page 75 represented: OK ('bitter truth')
  page 76 represented: OK ('Volcano Bonds')
  page 77 represented: OK ('Faketoshi')
  page 78 represented: OK ("numbers don't lie")
  page 79 represented: OK ('rabbit hole')
  contains body prose: OK
  contains mirrored prose: OK
  path set: 72 paths x 5 seed schemes
  planted corpus phrase recovered: OK (1A1Suzk2wk4DugMMLEonNmGRuSUZwM2GE6 via direct:sha256)
Oracle: full 56.8M index ACTIVE (checks both sets)
  oracle genesis: OK
SELFTEST PASS

phrases 1,561  paths 72  => ~2,864,435 addresses
  250/1,561 phrases  400,000 addrs  52s
  500/1,561 phrases  880,000 addrs  110s
  750/1,561 phrases  1,360,000 addrs  170s
  1,000/1,561 phrases  1,760,000 addrs  225s
  1,250/1,561 phrases  2,240,000 addrs  284s
  1,500/1,561 phrases  2,720,000 addrs  343s

phrases 1,561  keys 572,887  addresses 2,864,435  in 359s
column-deep hits: 0
