
===== run 2026-09-13 19:20:19 lengths=(12, 24) args={'lengths': '12,24', 'procs': 4, 'controls_only': True, 'skip_controls': False, 'windows_only': False, 'units_only': False, 'no_full': False, 'log': '/home/user/overdose/solver/wf/salvador_seed.log'} =====
  PASS  C1 BIP-39 vector -> m/44'/0'/0'/0/0 through hd_addrs(quick_paths)  1LqBGSKuX5yYUonjxT5qGfpUsXKYYWeabA
  PASS  C2 bip39_seed(vector,'TREZOR') == BIP-39 spec vector (passphrase concat)  c55257c360c07c72029aebc1b53c05ed...
  PASS  C3a oracle (rich list) sees genesis  
  PASS  C3b full 56.8M index present and calibrated  
  PASS  C3c full index sees a named exact-20 address via balance()  
  PASS  C3d worker batch lookup finds genesis and not the swept brainwallet  [('x', 'm', 'p2pkh_c', '1A1zP1eP5QGefi2DMPTfTL5SLmv7DivfNa', '', 'full:5438462888')]
HIT bip39|pw='El Salvador'|line:p75:L40:fwd:wallet:[abandon abandon abandon abandon abandon abandon abandon abandon abandon abandon abandon abandon]	m/84'/0'/0'/0/0	p2wpkh	bc1qn2avx9stgjlp3kjvazl74hxjrw689raexrdk40	66c8e16ed03b02655a7aca20146a7eace8c2bbebba354faffdc7b1b7345193a8	CTRL-TARGET:P1-bip39-wallet-quickpath
HIT electrum|pw='el salvador'|line:p75:L40:fwd:wallet:[abandon abandon abandon abandon abandon abandon abandon abandon abandon abandon abandon abandon]	m/0/0	p2pkh_c	1K6U35erGrp2GaeVuBX5mRupdbKq3QW3oU	284bbf6d5d6cdd79f3847f190e786834f4f85d7f499154292858f6b2db018f8d	CTRL-TARGET:P1-electrum-m/0/0
HIT bip39|pw='Overdose'|line:p75:L40:fwd:printed:[Abandon abandon abandon abandon abandon abandon abandon abandon abandon abandon abandon abandon.]	m/44'/0'/1'/0/2	p2pkh_c	1LFFY9RkqsAbhqFqBSMiTZsXUpNfGUnZnt	af137174b640189388b31be5cdbe9f2bf162eee8c0faf4554f028fb96e84929f	CTRL-TARGET:P1-bip39-printed-fullpath
HIT bip39|pw='20'|line:p76:L69:rev:wallet:[volcano bond lava mining geothermal energy surplus bitcoin treasury nation state sovereign]	m/44'/0'/0'/0/0	p2pkh_c	1BN4ZLugYRYXSgJivgUHFi7VxR2AKFmGQQ	0830bd09d47eea91f348a32cf878020148c9f5307a943bd749d475be0df64790	CTRL-TARGET:P3-mirror-bip39
  [ctrl] 8,040 seeds  1,651,680 addrs  67s
  [ctrl] 16,040 seeds  3,251,680 addrs  141s
HIT bip39|pw='Bukele'|win:L24:w896:hjoin:fwd:wallet:[zebra yak xray whale vulture unicorn tiger snake rabbit quail panda otter newt moose lion koala jaguar iguana hippo gecko falcon eagle dingo cat]	m/49'/0'/0'/0/1	p2sh_p2wpkh	32WkRDotqbEmyMJMqw7oSGdWUPtigcQWQ8	71db2f3ea5041dcfac6ec181764ee9471041b75dff88eeb945ee6d698ce451e4	CTRL-TARGET:P2-window24-bip39
  PASS  C4 pipeline ran on synthetic transcript (114 unit texts, 823 window texts, 22072 seeds, 4,458,080 addrs, 208s)  
  PASS  C4 P1-bip39-wallet-quickpath -> bc1qn2avx9stgjlp3kjvazl74hxjrw689raexrdk40 fires at expected family with matching priv  bip39|pw='El Salvador'|line:p75:L40:fwd:wallet:[abandon abandon abandon abandon abandon ab m/84'/0'/0'/0/0
  PASS  C4 P1-bip39-printed-fullpath -> 1LFFY9RkqsAbhqFqBSMiTZsXUpNfGUnZnt fires at expected family with matching priv  bip39|pw='Overdose'|line:p75:L40:fwd:printed:[Abandon abandon abandon abandon abandon aban m/44'/0'/1'/0/2
  PASS  C4 P1-electrum-m/0/0 -> 1K6U35erGrp2GaeVuBX5mRupdbKq3QW3oU fires at expected family with matching priv  electrum|pw='el salvador'|line:p75:L40:fwd:wallet:[abandon abandon abandon abandon abandon m/0/0
  PASS  C4 P2-window24-bip39 -> 32WkRDotqbEmyMJMqw7oSGdWUPtigcQWQ8 fires at expected family with matching priv  bip39|pw='Bukele'|win:L24:w896:hjoin:fwd:wallet:[zebra yak xray whale vulture unicorn tige m/49'/0'/0'/0/1
  PASS  C4 P3-mirror-bip39 -> 1BN4ZLugYRYXSgJivgUHFi7VxR2AKFmGQQ fires at expected family with matching priv  bip39|pw='20'|line:p76:L69:rev:wallet:[volcano bond lava mining geothermal energy surplus  m/44'/0'/0'/0/0
  PASS  C4 no non-control hits on the synthetic transcript (specificity)  0
CONTROLS ALL PASS

===== run 2026-09-13 19:24:03 lengths=(12, 24) args={'lengths': '12,24', 'procs': 4, 'controls_only': False, 'skip_controls': True, 'windows_only': False, 'units_only': False, 'no_full': False, 'log': '/home/user/overdose/solver/wf/salvador_seed.log'} =====
units by kind (total, high-prior): para=20/2, line=143/7, sent=87/13, page=5/0, article=1/0, hl=38/2, named=4/4
  high-prior sent p75:para@L13:s1 [12w] Bitcoin was not a reaction to the Global Financial Crisis of 2008.
  high-prior line p75:L25 [12w] and Jamie Dimon. The Bitcoin rabbit hole was opening — the black hole
  high-prior line p75:L26 [12w] of the Cosmic Now — and it had fiat markets in its sight.
  high-prior sent p75:para@L18:s6 [21w] The Bitcoin rabbit hole was opening — the black hole of the Cosmic Now — and it had fiat markets in its sight.
  high-prior sent p75:para@L28:s0 [15w] In fact, all the chaos you see around you these days is caused by Bitcoin.
  high-prior sent p75:para@L28:s11 [12w] Go Bitcoin Toxic Maximalist, the Layer 1 of the whole Satoshi experience.
  high-prior line p76:L57 [11w] Gotta be this way. Forty years of dumb post-1971 fiat money
  high-prior sent p77:para@L85:s1 [18w] Jack Mallers' Strike app has gone from 20,000 new sign-ups a day to a mind-bending 100,000 and growing.
  high-prior sent p77:para@L85:s3 [12w] (Sorry Bhutan, you fell for that snake oil salesmen over at XRP.
  high-prior sent p77:para@L93:s1 [21w] Big blockers got their heads ripped off during the Block Size War of 2017 and it's been going downhill ever since.
  high-prior sent p78:para@L122:s1 [12w] Love opens up the collective unconscious and our joint inner cosmic being.
  high-prior sent p78:para@L122:s2 [12w] The economy of love is infinitely more efficient than hate and war.
  high-prior line p78:L132 [12w] and requires money printing and wars to keep it going — all in
  high-prior line p78:L135 [12w] BILLION worth of hate toys in Afghanistan, for example, for a war
  high-prior sent p78:para@L128:s3 [23w] America left $85 BILLION worth of hate toys in Afghanistan, for example, for a war that some estimate cost $2 trillion fiat cuck-bucks.
  high-prior para p78:para@L148 [12w] The economy of love is infinitely more efficient than hate and war.
  high-prior line p78:L148 [12w] The economy of love is infinitely more efficient than hate and war.
  high-prior sent p78:para@L148:s0 [12w] The economy of love is infinitely more efficient than hate and war.
  high-prior line p79:L151 [12w] To wrap this up, as we move from a war and violence
  high-prior para p79:para@L168 [21w] Yes, for some, the Bitcoin rabbit hole ends up in John and Yoko's hotel room in Amsterdam during their 1969 bed-in.
  high-prior sent p79:para@L168:s0 [21w] Yes, for some, the Bitcoin rabbit hole ends up in John and Yoko's hotel room in Amsterdam during their 1969 bed-in.
  high-prior sent p79:para@L175:s2 [24w] Happy to share it all with you — the agony and ecstasy — as Bitcoin conquers fear and hate and replaces it with peace and love.
  high-prior hl p76:black [12w] Gotta be this way. Forty years of dumb post-1971 fiat money nonsense
  high-prior hl p77:white [12w] (Sorry Bhutan, you fell for that snake oil salesmen over at XRP.
  high-prior named named0 [12w] The economy of love is infinitely more efficient than hate and war.
  high-prior named named1 [12w] Love opens up the collective unconscious and our joint inner cosmic being.
  high-prior named named2 [12w] (Sorry Bhutan, you fell for that snake oil salesmen over at XRP.
  high-prior named named3 [24w] Happy to share it all with you — the agony and ecstasy — as Bitcoin conquers fear and hate and replaces it with peace and love.
  [sweep] 8,040 seeds  1,863,840 addrs  113s
  [sweep] 16,040 seeds  3,601,120 addrs  211s
  [sweep] 24,040 seeds  5,388,320 addrs  313s
  [sweep] 32,040 seeds  7,237,920 addrs  418s
  [sweep] 40,040 seeds  8,975,200 addrs  511s
  [sweep] 48,040 seeds  10,718,720 addrs  607s
  [sweep] 56,040 seeds  12,318,720 addrs  697s
  [sweep] 64,040 seeds  13,918,720 addrs  783s
  [sweep] 72,040 seeds  15,518,720 addrs  857s
  [sweep] 80,040 seeds  17,118,720 addrs  916s
  [sweep] 88,040 seeds  18,718,720 addrs  975s
  [sweep] 96,040 seeds  20,318,720 addrs  1034s
  [sweep] 104,040 seeds  21,918,720 addrs  1119s
  [sweep] 112,040 seeds  23,518,720 addrs  1186s
  [sweep] 120,040 seeds  25,118,720 addrs  1276s
  [sweep] 128,040 seeds  26,718,720 addrs  1369s
  [sweep] 136,040 seeds  28,318,720 addrs  1460s
  [sweep] 144,040 seeds  29,918,720 addrs  1550s
  [sweep] 152,040 seeds  31,518,720 addrs  1642s
  [sweep] 160,040 seeds  33,118,720 addrs  1733s
  [sweep] 168,040 seeds  34,718,720 addrs  1824s
  [sweep] 176,040 seeds  36,318,720 addrs  1915s
  [sweep] 184,040 seeds  37,918,720 addrs  2003s
  [sweep] 192,040 seeds  39,518,720 addrs  2092s
  [sweep] 200,040 seeds  41,118,720 addrs  2165s
  [sweep] 208,040 seeds  42,718,720 addrs  2222s
  [sweep] 216,040 seeds  44,318,720 addrs  2280s
  [sweep] 224,040 seeds  45,918,720 addrs  2339s
  [sweep] 232,040 seeds  47,518,720 addrs  2397s
  [sweep] 240,040 seeds  49,118,720 addrs  2456s
  [sweep] 248,040 seeds  50,718,720 addrs  2514s
  [sweep] 256,040 seeds  52,318,720 addrs  2573s
  [sweep] 264,040 seeds  53,918,720 addrs  2631s
  [sweep] 272,040 seeds  55,518,720 addrs  2689s
  [sweep] 280,040 seeds  57,118,720 addrs  2747s
  [sweep] 288,040 seeds  58,718,720 addrs  2805s
  [sweep] 296,040 seeds  60,318,720 addrs  2863s
  [sweep] 304,040 seeds  61,918,720 addrs  2921s
  [sweep] 312,040 seeds  63,518,720 addrs  2979s
  [sweep] 320,040 seeds  65,118,720 addrs  3037s
SWEEP DONE lengths=(12, 24): units=298 (high-prior 28), unit texts=2,169, windows=11,618 window texts=11,618, jobs=320,952, seeds derived=320,952, addresses checked=65,301,120, hits=0, 3043s

===== run 2026-09-13 20:14:58 lengths=(15, 18, 21) args={'lengths': '15,18,21', 'procs': 4, 'controls_only': False, 'skip_controls': True, 'windows_only': True, 'units_only': False, 'no_full': False, 'paths': 'mini', 'log': '/home/user/overdose/solver/wf/salvador_seed.log'} =====
units by kind (total, high-prior): para=20/2, line=143/7, sent=87/13, page=5/0, article=1/0, hl=38/2, named=4/4
  high-prior sent p75:para@L13:s1 [12w] Bitcoin was not a reaction to the Global Financial Crisis of 2008.
  high-prior line p75:L25 [12w] and Jamie Dimon. The Bitcoin rabbit hole was opening — the black hole
  high-prior line p75:L26 [12w] of the Cosmic Now — and it had fiat markets in its sight.
  high-prior sent p75:para@L18:s6 [21w] The Bitcoin rabbit hole was opening — the black hole of the Cosmic Now — and it had fiat markets in its sight.
  high-prior sent p75:para@L28:s0 [15w] In fact, all the chaos you see around you these days is caused by Bitcoin.
  high-prior sent p75:para@L28:s11 [12w] Go Bitcoin Toxic Maximalist, the Layer 1 of the whole Satoshi experience.
  high-prior line p76:L57 [11w] Gotta be this way. Forty years of dumb post-1971 fiat money
  high-prior sent p77:para@L85:s1 [18w] Jack Mallers' Strike app has gone from 20,000 new sign-ups a day to a mind-bending 100,000 and growing.
  high-prior sent p77:para@L85:s3 [12w] (Sorry Bhutan, you fell for that snake oil salesmen over at XRP.
  high-prior sent p77:para@L93:s1 [21w] Big blockers got their heads ripped off during the Block Size War of 2017 and it's been going downhill ever since.
  high-prior sent p78:para@L122:s1 [12w] Love opens up the collective unconscious and our joint inner cosmic being.
  high-prior sent p78:para@L122:s2 [12w] The economy of love is infinitely more efficient than hate and war.
  high-prior line p78:L132 [12w] and requires money printing and wars to keep it going — all in
  high-prior line p78:L135 [12w] BILLION worth of hate toys in Afghanistan, for example, for a war
  high-prior sent p78:para@L128:s3 [23w] America left $85 BILLION worth of hate toys in Afghanistan, for example, for a war that some estimate cost $2 trillion fiat cuck-bucks.
  high-prior para p78:para@L148 [12w] The economy of love is infinitely more efficient than hate and war.
  high-prior line p78:L148 [12w] The economy of love is infinitely more efficient than hate and war.
  high-prior sent p78:para@L148:s0 [12w] The economy of love is infinitely more efficient than hate and war.
  high-prior line p79:L151 [12w] To wrap this up, as we move from a war and violence
  high-prior para p79:para@L168 [21w] Yes, for some, the Bitcoin rabbit hole ends up in John and Yoko's hotel room in Amsterdam during their 1969 bed-in.
  high-prior sent p79:para@L168:s0 [21w] Yes, for some, the Bitcoin rabbit hole ends up in John and Yoko's hotel room in Amsterdam during their 1969 bed-in.
  high-prior sent p79:para@L175:s2 [24w] Happy to share it all with you — the agony and ecstasy — as Bitcoin conquers fear and hate and replaces it with peace and love.
  high-prior hl p76:black [12w] Gotta be this way. Forty years of dumb post-1971 fiat money nonsense
  high-prior hl p77:white [12w] (Sorry Bhutan, you fell for that snake oil salesmen over at XRP.
  high-prior named named0 [12w] The economy of love is infinitely more efficient than hate and war.
  high-prior named named1 [12w] Love opens up the collective unconscious and our joint inner cosmic being.
  high-prior named named2 [12w] (Sorry Bhutan, you fell for that snake oil salesmen over at XRP.
  high-prior named named3 [24w] Happy to share it all with you — the agony and ecstasy — as Bitcoin conquers fear and hate and replaces it with peace and love.
  [sweep] 8,040 seeds  321,600 addrs  23s
  [sweep] 16,040 seeds  641,600 addrs  39s
  [sweep] 24,040 seeds  961,600 addrs  54s
  [sweep] 32,040 seeds  1,281,600 addrs  70s
  [sweep] 40,040 seeds  1,601,600 addrs  85s
  [sweep] 48,040 seeds  1,921,600 addrs  100s
  [sweep] 56,040 seeds  2,241,600 addrs  115s
  [sweep] 64,040 seeds  2,561,600 addrs  130s
  [sweep] 72,040 seeds  2,881,600 addrs  145s
  [sweep] 80,040 seeds  3,201,600 addrs  160s
  [sweep] 88,040 seeds  3,521,600 addrs  176s
  [sweep] 96,040 seeds  3,841,600 addrs  191s
  [sweep] 104,040 seeds  4,161,600 addrs  206s
  [sweep] 112,040 seeds  4,481,600 addrs  221s
  [sweep] 120,040 seeds  4,801,600 addrs  236s
  [sweep] 128,040 seeds  5,121,600 addrs  251s
  [sweep] 136,040 seeds  5,441,600 addrs  267s
  [sweep] 144,040 seeds  5,761,600 addrs  281s
  [sweep] 152,040 seeds  6,081,600 addrs  296s
  [sweep] 160,040 seeds  6,401,600 addrs  312s
  [sweep] 168,040 seeds  6,721,600 addrs  327s
  [sweep] 176,040 seeds  7,041,600 addrs  341s
  [sweep] 184,040 seeds  7,361,600 addrs  357s
  [sweep] 192,040 seeds  7,681,600 addrs  372s
  [sweep] 200,040 seeds  8,001,600 addrs  387s
  [sweep] 208,040 seeds  8,321,600 addrs  402s
  [sweep] 216,040 seeds  8,641,600 addrs  417s
  [sweep] 224,040 seeds  8,961,600 addrs  432s
  [sweep] 232,040 seeds  9,281,600 addrs  447s
  [sweep] 240,040 seeds  9,601,600 addrs  462s
  [sweep] 248,040 seeds  9,921,600 addrs  477s
  [sweep] 256,040 seeds  10,241,600 addrs  492s
  [sweep] 264,040 seeds  10,561,600 addrs  507s
  [sweep] 272,040 seeds  10,881,600 addrs  522s
  [sweep] 280,040 seeds  11,201,600 addrs  537s
  [sweep] 288,040 seeds  11,521,600 addrs  552s
  [sweep] 296,040 seeds  11,841,600 addrs  567s
  [sweep] 304,040 seeds  12,161,600 addrs  582s
  [sweep] 312,040 seeds  12,481,600 addrs  597s
  [sweep] 320,040 seeds  12,801,600 addrs  612s
  [sweep] 328,040 seeds  13,121,600 addrs  627s
  [sweep] 336,040 seeds  13,441,600 addrs  642s
  [sweep] 344,040 seeds  13,761,600 addrs  657s
  [sweep] 352,040 seeds  14,081,600 addrs  672s
  [sweep] 360,040 seeds  14,401,600 addrs  687s
  [sweep] 368,040 seeds  14,721,600 addrs  703s
  [sweep] 376,040 seeds  15,041,600 addrs  718s
  [sweep] 384,040 seeds  15,361,600 addrs  733s
  [sweep] 392,040 seeds  15,681,600 addrs  748s
  [sweep] 400,040 seeds  16,001,600 addrs  763s
  [sweep] 408,040 seeds  16,321,600 addrs  778s
  [sweep] 416,040 seeds  16,641,600 addrs  793s
SWEEP DONE lengths=(15, 18, 21) window_paths=mini: units=298 (high-prior 28), unit texts=0, windows=17,548 window texts=17,548, jobs=419,372, seeds derived=419,372, addresses checked=16,774,880, hits=0, 800s
