rich-list oracle: 1,720,292 addresses; quick paths 40, full paths 92; bip39 pws 14, electrum pws 10
=== SWEEP ===
units by kind (total, high-prior): para=20/2, line=143/7, sent=87/13, page=5/0, article=1/0, hl=38/2, named=4/4
  high-prior sent p75:para@L13:s1 [12w] Bitcoin was not a reaction to the Global Financial Crisis of 2008.
  high-prior line p75:L25 [12w] and Jamie Dimon. The Bitcoin rabbit hole was opening — the black hole
  high-prior line p75:L26 [12w] of the Cosmic Now — and it had fiat markets in its sight.
  high-prior sent p75:para@L18:s6 [21w] The Bitcoin rabbit hole was opening — the black hole of the Cosmic Now — and it had fiat markets in its sight.
  high-prior sent p75:para@L28:s0 [15w] In fact, all the chaos you see around you these days is caused by Bitcoin.
  high-prior sent p75:para@L28:s11 [12w] Go Bitcoin Toxic Maximalist, the Layer 1 of the whole Satoshi experience.
  high-prior line p76:L57 [11w] Gotta be this way. Forty years of dumb post-1971 fiat money
  high-prior sent p77:para@L85:s1 [18w] Jack Mallers' Strike app has gone from 20,000 new sign-ups a day to a mind-bending 100,000 and growing.
  high-prior sent p77:para@L85:s3 [12w] (Sorry Bhutan, you fell for that snake oil salesmen over at XRP.
  high-prior sent p77:para@L93:s1 [21w] Big blockers got their heads ripped off during the Block Size War of 2017 and it's been going downhill ever since.
  high-prior sent p78:para@L122:s1 [12w] Love opens up the collective unconscious and our joint inner cosmic being.
  high-prior sent p78:para@L122:s2 [12w] The economy of love is infinitely more efficient than hate and war.
  high-prior line p78:L132 [12w] and requires money printing and wars to keep it going — all in
  high-prior line p78:L135 [12w] BILLION worth of hate toys in Afghanistan, for example, for a war
  high-prior sent p78:para@L128:s3 [23w] America left $85 BILLION worth of hate toys in Afghanistan, for example, for a war that some estimate cost $2 trillion fiat cuck-bucks.
  high-prior para p78:para@L148 [12w] The economy of love is infinitely more efficient than hate and war.
  high-prior line p78:L148 [12w] The economy of love is infinitely more efficient than hate and war.
  high-prior sent p78:para@L148:s0 [12w] The economy of love is infinitely more efficient than hate and war.
  high-prior line p79:L151 [12w] To wrap this up, as we move from a war and violence
  high-prior para p79:para@L168 [21w] Yes, for some, the Bitcoin rabbit hole ends up in John and Yoko's hotel room in Amsterdam during their 1969 bed-in.
  high-prior sent p79:para@L168:s0 [21w] Yes, for some, the Bitcoin rabbit hole ends up in John and Yoko's hotel room in Amsterdam during their 1969 bed-in.
  high-prior sent p79:para@L175:s2 [24w] Happy to share it all with you — the agony and ecstasy — as Bitcoin conquers fear and hate and replaces it with peace and love.
  high-prior hl p76:black [12w] Gotta be this way. Forty years of dumb post-1971 fiat money nonsense
  high-prior hl p77:white [12w] (Sorry Bhutan, you fell for that snake oil salesmen over at XRP.
  high-prior named named0 [12w] The economy of love is infinitely more efficient than hate and war.
  high-prior named named1 [12w] Love opens up the collective unconscious and our joint inner cosmic being.
  high-prior named named2 [12w] (Sorry Bhutan, you fell for that snake oil salesmen over at XRP.
  high-prior named named3 [24w] Happy to share it all with you — the agony and ecstasy — as Bitcoin conquers fear and hate and replaces it with peace and love.
  [sweep] 8,040 seeds  1,863,840 addrs  113s
  [sweep] 16,040 seeds  3,601,120 addrs  211s
  [sweep] 24,040 seeds  5,388,320 addrs  313s
  [sweep] 32,040 seeds  7,237,920 addrs  418s
  [sweep] 40,040 seeds  8,975,200 addrs  511s
  [sweep] 48,040 seeds  10,718,720 addrs  607s
  [sweep] 56,040 seeds  12,318,720 addrs  697s
  [sweep] 64,040 seeds  13,918,720 addrs  783s
  [sweep] 72,040 seeds  15,518,720 addrs  857s
  [sweep] 80,040 seeds  17,118,720 addrs  916s
  [sweep] 88,040 seeds  18,718,720 addrs  975s
  [sweep] 96,040 seeds  20,318,720 addrs  1034s
  [sweep] 104,040 seeds  21,918,720 addrs  1119s
  [sweep] 112,040 seeds  23,518,720 addrs  1186s
  [sweep] 120,040 seeds  25,118,720 addrs  1276s
  [sweep] 128,040 seeds  26,718,720 addrs  1369s
  [sweep] 136,040 seeds  28,318,720 addrs  1460s
  [sweep] 144,040 seeds  29,918,720 addrs  1550s
  [sweep] 152,040 seeds  31,518,720 addrs  1642s
  [sweep] 160,040 seeds  33,118,720 addrs  1733s
  [sweep] 168,040 seeds  34,718,720 addrs  1824s
  [sweep] 176,040 seeds  36,318,720 addrs  1915s
  [sweep] 184,040 seeds  37,918,720 addrs  2003s
  [sweep] 192,040 seeds  39,518,720 addrs  2092s
  [sweep] 200,040 seeds  41,118,720 addrs  2165s
  [sweep] 208,040 seeds  42,718,720 addrs  2222s
  [sweep] 216,040 seeds  44,318,720 addrs  2280s
  [sweep] 224,040 seeds  45,918,720 addrs  2339s
  [sweep] 232,040 seeds  47,518,720 addrs  2397s
  [sweep] 240,040 seeds  49,118,720 addrs  2456s
  [sweep] 248,040 seeds  50,718,720 addrs  2514s
  [sweep] 256,040 seeds  52,318,720 addrs  2573s
  [sweep] 264,040 seeds  53,918,720 addrs  2631s
  [sweep] 272,040 seeds  55,518,720 addrs  2689s
  [sweep] 280,040 seeds  57,118,720 addrs  2747s
  [sweep] 288,040 seeds  58,718,720 addrs  2805s
  [sweep] 296,040 seeds  60,318,720 addrs  2863s
  [sweep] 304,040 seeds  61,918,720 addrs  2921s
  [sweep] 312,040 seeds  63,518,720 addrs  2979s
  [sweep] 320,040 seeds  65,118,720 addrs  3037s
SWEEP DONE lengths=(12, 24): units=298 (high-prior 28), unit texts=2,169, windows=11,618 window texts=11,618, jobs=320,952, seeds derived=320,952, addresses checked=65,301,120, hits=0, 3043s
