UNIT COUNTS: {'A:p75': 27, 'A:p76': 21, 'A:p77': 16, 'A:p78': 13, 'A:p79': 10, 'A:ALL': 87, 'B:p75': 30, 'B:p76': 21, 'B:p77': 20, 'B:p78': 13, 'B:p79': 10, 'B:ALL': 94, 'P:p75': 4, 'P:p76': 3, 'P:p77': 4, 'P:p78': 5, 'P:p79': 4, 'P:ALL': 20}

=== A units (strict sentences), numbered ===
   0 | H | Here's         .. truth          | Here's the bitter truth.
   1 | B | Bitcoin        .. 2008           | Bitcoin was not a reaction to the Global Financial Crisis of 2008.
   2 | I | It             .. it             | It caused it.
   3 | R | Really         .. Really         | Really?
   4 | Y | Yes            .. Yes            | Yes.
   5 | T | The            .. crash          | The markets sensed Bitcoin was coming and started to crash.
   6 | M | Markets        .. that           | Markets are like that.
   7 | T | They           .. advance        | They discount stuff in advance.
   8 | M | Markets        .. economy        | Markets are the central nervous system of the global economy.
   9 | T | They           .. neuroses       | They are the sum of all our neuroses.
  10 | T | The            .. Dimon          | The cypherpunks were publishing the white paper around that time — after years of trying — and a collective panic arose in the global unconscious of money printers, banking terrorists, stock traders, central bank arsonists, Wall Street and Jamie Dimon.
  11 | T | The            .. sight          | The Bitcoin rabbit hole was opening — the black hole of the Cosmic Now — and it had fiat markets in its sight.
  12 | I | In             .. Bitcoin        | In fact, all the chaos you see around you these days is caused by Bitcoin.
  13 | A | And            .. better         | And nothing could be better.
  14 | N | Nocoiners      .. toxic          | Nocoiners and shitcoiners, and even some Bitcoiners, consider this view toxic.
  15 | E | Everybody's    .. days           | Everybody's complaining about "Toxic Bitcoin Maximalists" these days.
  16 | L | Look           .. protocol       | Look, toxicity is Layer 1 of the protocol.
  17 | F | Fact           .. discovered     | Fact: It's Layer 1 for every great thing that's ever been invented or discovered.
  18 | I | It's           .. name           | It's only the language of the shameless opportunists trying to cash in by riding Bitcoins coattails that give it a bad name.
  19 | V | Vitalik        .. epithet        | Vitalik Buterin came up with the "Maximalist" epithet.
  20 | N | Now            .. lab            | Now he's slinging proof of stake at the mEthereum lab.
  21 | D | Don't          .. shitcoinery    | Don't fall for shitcoinery.
  22 | K | Keep           .. dignity        | Keep your dignity.
  23 | G | Go             .. experience     | Go Bitcoin Toxic Maximalist, the Layer 1 of the whole Satoshi experience.
  24 | Y | You            .. true           | You wouldn't be digging blindly with your bare hands in the muck of Bitcoin's rabbit hole if this weren't true.
  25 | A | Anything       .. to             | Anything worth hearing is hard to listen to.
  26 | N | Nice           .. unloved        | Nice, pleasant words from con men and shitcoiners are easy listening for the gullible and unloved.
  27 | G | Get            .. toxicity       | Get some toxicity.
  28 | G | Get            .. bitcoin        | Get some bitcoin.
  29 | O | Open           .. Bitcoin        | Open your heart to Bitcoin.
  30 | I | It's           .. y'all          | It's the freaking UTXO ghetto up in here, y'all.
  31 | I | It's           .. clones         | It's funkier than a whole parallel universe full of nothing but George Clinton and James Brown clones.
  32 | I | It's           .. ultimatums     | It's Martin Luther nailing the Vatican with ultimatums.
  33 | I | It's           .. stake          | It's the sound of skin being ripped off live central bankers tied to a burning stake.
  34 | G | Gotta          .. way            | Gotta be this way.
  35 | F | Forty          .. minds          | Forty years of dumb post-1971 fiat money nonsense (and 10 years of watching Peter Schiff miss buying bitcoin since I started honey-badgering him to buy some at $1 back in 2011) have dulled shitcoiners' and nocoiners' minds.
  36 | T | The            .. heads          | The collective unconscious, controlled now by psychotic cats, plays "Friends" reruns all day in our heads.
  37 | O | Our            .. money          | Our imaginations and inventiveness have been euthanized by the rancid catnip of fiat money.
  38 | F | Fortunately    .. lobotomy       | Fortunately, bitcoin puts an end to the paper chase Manhattan Bank money laundering lobotomy.
  39 | I | It's           .. genitals       | It's a stun gun to the genitals.
  40 | A | A              .. chest          | A monetary defibrillator to the treasure chest.
  41 | D | Don't          .. me             | Don't believe me?
  42 | H | Have           .. Twitter        | Have you seen the president of El Salvador trolling the International Monetary Fund (IMF) on Twitter?
  43 | H | He's           .. dip            | He's taunting them, telling them he's "buying the dip."
  44 | I | I              .. leeches        | I tweeted President Nayib Bukele when he announced he was going to tap his nation's volcanoes to mine $1 billion in bitcoin — that he should sell billions worth of future bitcoin earnings collateralized "Volcano Bonds" to pay off the IMF loan and get rid of those leeches.
  45 | I | I              .. it             | I tagged Mike Novogratz in the tweet, figuring he could sell a bunch to his Wall Street crony pals, but so far he hasn't moved on it.
  46 | I | I              .. guy            | I don't really trust that guy.
  47 | M | Maybe          .. heart          | Maybe because he's a shitcoiner at heart.
  48 | M | Meanwhile      .. writing        | Meanwhile, back in El Salvador, 42% of the country is now hyperbitcoinized (at the time of writing).
  49 | J | Jack           .. growing        | Jack Mallers' Strike app has gone from 20,000 new sign-ups a day to a mind-bending 100,000 and growing.
  50 | A | At             .. months         | At this rate, the whole country will be Toxic Bitcoin Maximalists within six months.
  51 | S | Sorry          .. XRP            | (Sorry Bhutan, you fell for that snake oil salesmen over at XRP.
  52 | G | Get            .. hell           | Get ready to experience shitcoin hell.
  53 | H | Has            .. lately         | Has anyone heard from Roger Ver lately?
  54 | B | Big            .. since          | Big blockers got their heads ripped off during the Block Size War of 2017 and it's been going downhill ever since.
  55 | P | Particularly   .. banksters      | Particularly for Faketoshi and his army of high-priced London legal hacks who harass old women and children (and Peter McCormack) for no other reason than the U.K.'s legal system favors and protects demented shitcoiners, useless Royals, career criminals and banksters.
  56 | L | London         .. paradise       | London is a scammer paradise.
  57 | F | Full           .. Stop           | Full Stop.
  58 | E | EVERY          .. BITCOIN        | EVERY SINGLE ONE OF THE BITCOIN WANNABES — BCH, BSV, ETH, XRP, ADA, AND 12,000 OTHER SHITCOINS, PLUS FIAT MONEY AND GOLD — IS FACING THE IGNOMINIOUS FATE OF DEMONETIZATION VERSUS BITCOIN.
  59 | I | It's           .. certainty      | It's a guaranteed, mathematical certainty.
  60 | L | Let            .. supply         | Let me explain why, and this might be the first time you're hearing this, bitcoin was designed to be a 51% attack on the world's energy supply.
  61 | S | Shitcoins      .. energy         | Shitcoins, fiat and gold will starve to death as the result of Bitcoin's insatiable conquest of all available energy.
  62 | A | And            .. itself         | And as bitcoin starves shitcoins, fiat and gold to death, it simultaneously demonetizes war, violence, hatred and the state itself.
  63 | I | It             .. right          | It does this by monetizing, for the first time in human history, peace, love and understanding (Elvis Costello was right).
  64 | W | We've          .. bitcoin        | We've never had an economy and a money that incentivizes love before until bitcoin.
  65 | L | Love           .. being          | Love opens up the collective unconscious and our joint inner cosmic being.
  66 | T | The            .. war            | The economy of love is infinitely more efficient than hate and war.
  67 | I | I              .. espresso       | I listen to these eggheads — Michael Saylor, Nic Carter, Marty Bent — who spend their days pouring over spreadsheets and gallons of iced espresso.
  68 | T | The            .. lie            | The numbers don't lie.
  69 | T | The            .. schemes        | The energy industry in its current form is gargantuanly wasteful and requires money printing and wars to keep it going — all in the service of an uber class of banksters who profit from war, poverty and misery with their fiat money Ponzi schemes.
  70 | A | America        .. cuck-bucks     | America left $85 BILLION worth of hate toys in Afghanistan, for example, for a war that some estimate cost $2 trillion fiat cuck-bucks.
  71 | B | BITCOIN        .. bitcoin        | BITCOIN FIXES ALL THIS by replacing oil-dripping, corpse-ridden, poppy-harvesting fiat money with perfect bitcoin.
  72 | R | Remove         .. incentive      | Remove the war incentive, and you remove the hate incentive.
  73 | B | Bitcoin        .. chance         | Bitcoin fills the gap with love; our most natural tendency if given a chance.
  74 | T | The            .. sure           | The warmongers will start mining bitcoin for sure.
  75 | I | It's           .. Block          | It's a fact baked into the game-theorized Bitcoin protocol, observable by anyone choosing to see it, right there in the Genesis Block.
  76 | T | The            .. war            | The economy of love is infinitely more efficient than hate and war.
  77 | T | To             .. more           | To wrap this up, as we move from a war and violence economy to a peace and love economy, the efficiencies of love — because bitcoin is infinitely more efficient to transact and store wealth in than fiat, shitcoins or gold — the overall energy consumption, even while Bitcoin makes its 51% attack on global energy supply, drops by 95% or more.
  78 | T | That's         .. energy         | That's right, Bitcoin will take all the energy.
  79 | I | In             .. existence      | In so doing, our energy consumption drops to near zero because our natural tendency toward love and peace gets monetized for the first time in our existence.
  80 | P | Poverty        .. nothing        | Poverty disappears because the fear of being poor disappears because Bitcoin allows us to fully express ourselves individually in a cyber sea of billions of souls all looking to connect and express love for each other and the cost for this explosion of peace is the same as a smile — virtually nothing.
  81 | Y | Yes            .. bed-in         | Yes, for some, the Bitcoin rabbit hole ends up in John and Yoko's hotel room in Amsterdam during their 1969 bed-in.
  82 | E | Everyone       .. hole           | Everyone will live their own experience in the rabbit hole.
  83 | W | We             .. minds          | We are getting our souls back and our minds.
  84 | S | Stacy          .. years          | Stacy and I have been living in here for 10 years.
  85 | W | We've          .. shit           | We've seen some shit.
  86 | H | Happy          .. love           | Happy to share it all with you — the agony and ecstasy — as Bitcoin conquers fear and hate and replaces it with peace and love.

=== B extra units (verse / all-caps lines) ===
    Fact:          It's Layer 1 for every great thing
    that's ever been invented or discovered.
    It's only the language of the shameless opportunists trying
    to cash in by riding Bitcoins coattails that give it a bad name.
    Go Bitcoin Toxic Maximalist,
    the Layer 1 of the whole Satoshi experience.
    EVERY SINGLE ONE OF
    THE BITCOIN WANNABES — BCH, BSV, ETH, XRP,
    ADA, AND 12,000 OTHER SHITCOINS, PLUS FIAT
    MONEY AND GOLD — IS FACING THE IGNOMINIOUS
    FATE OF DEMONETIZATION VERSUS BITCOIN.

=== P units (paragraphs) ===
   0 | Here's       .. it           | Here's the bitter truth. Bitcoin was not a reaction to the Global Financial Crisis of 2008...
   1 | Really       .. Yes          | Really? Yes....
   2 | The          .. sight        | The markets sensed Bitcoin was coming and started to crash. Markets are like that. They di...
   3 | In           .. unloved      | In fact, all the chaos you see around you these days is caused by Bitcoin. And nothing cou...
   4 | Get          .. stake        | Get some toxicity. Get some bitcoin. Open your heart to Bitcoin. It's the freaking UTXO gh...
   5 | Gotta        .. chest        | Gotta be this way. Forty years of dumb post-1971 fiat money nonsense (and 10 years of watc...
   6 | Don't        .. heart        | Don't believe me? Have you seen the president of El Salvador trolling the International Mo...
   7 | Meanwhile    .. hell         | Meanwhile, back in El Salvador, 42% of the country is now hyperbitcoinized (at the time of...
   8 | Has          .. Stop         | Has anyone heard from Roger Ver lately? Big blockers got their heads ripped off during the...
   9 | EVERY        .. BITCOIN      | EVERY SINGLE ONE OF THE BITCOIN WANNABES — BCH, BSV, ETH, XRP, ADA, AND 12,000 OTHER SHITC...
  10 | It's         .. right        | It's a guaranteed, mathematical certainty. Let me explain why, and this might be the first...
  11 | We've        .. war          | We've never had an economy and a money that incentivizes love before until bitcoin. Love o...
  12 | I            .. cuck-bucks   | I listen to these eggheads — Michael Saylor, Nic Carter, Marty Bent — who spend their days...
  13 | BITCOIN      .. chance       | BITCOIN FIXES ALL THIS by replacing oil-dripping, corpse-ridden, poppy-harvesting fiat mon...
  14 | The          .. Block        | The warmongers will start mining bitcoin for sure. It's a fact baked into the game-theoriz...
  15 | The          .. war          | The economy of love is infinitely more efficient than hate and war....
  16 | To           .. nothing      | To wrap this up, as we move from a war and violence economy to a peace and love economy, t...
  17 | Yes          .. bed-in       | Yes, for some, the Bitcoin rabbit hole ends up in John and Yoko's hotel room in Amsterdam ...
  18 | Everyone     .. minds        | Everyone will live their own experience in the rabbit hole. We are getting our souls back ...
  19 | Stacy        .. love         | Stacy and I have been living in here for 10 years. We've seen some shit. Happy to share it...
Oracle: full 56.8M index ACTIVE (checks both sets)

==================== CONTROLS ====================
