
== p75  mask lines 25  transcript lines 33  matched 25  within2 16  cost 120
 * y    2 nglyph  43 nchar  43 cells  50 span  1684 pitch 33.680  Here's the bitter truth. Bitcoin was not a r
 * y  100 nglyph  45 nchar  44 cells  52 span  1769 pitch 34.019  to the Global Financial Crisis of 2008. It c
 * y  394 nglyph  50 nchar  50 cells  58 span  1906 pitch 32.862  The markets sensed Bitcoin was coming and st
   y  490 nglyph  34 nchar  56 cells  65 span  2128 pitch 32.738  Markets are like that. They discount stuff i
   y  587 nglyph  42 nchar  57 cells  68 span  1563 pitch 22.985  the central nervous system of the global eco
   y  687 nglyph  41 nchar  56 cells  64 span  1536 pitch 24.000  all our neuroses. The cypherpunks were publi
 * y  782 nglyph  53 nchar  53 cells  64 span  2063 pitch 32.234  around that time — after years of trying — a
   y  877 nglyph  29 nchar  50 cells  57 span  1105 pitch 19.386  arose in the global unconscious of money pri
 * y 1072 nglyph  58 nchar  57 cells  68 span  2543 pitch 37.397  and Jamie Dimon. The Bitcoin rabbit hole was
 * y 1165 nglyph  45 nchar  45 cells  56 span  2097 pitch 37.446  of the Cosmic Now — and it had fiat markets 
 * y 1330 nglyph  53 nchar  52 cells  64 span  2486 pitch 38.844  In fact, all the chaos you see around you th
   y 1412 nglyph  60 nchar  56 cells  63 span  2495 pitch 39.603  Bitcoin. And nothing could be better. Nocoin
 * y 1523 nglyph  56 nchar  55 cells  62 span  2507 pitch 40.435  and even some Bitcoiners, consider this view
   y 1616 nglyph  56 nchar  51 cells  56 span  2339 pitch 41.768  complaining about "Toxic Bitcoin Maximalists
   y 1705 nglyph  22 nchar  33 cells  48 span  1787 pitch 37.229  Fact:          It's Layer 1 for every great 
 * y 2006 nglyph  51 nchar  51 cells  58 span  1874 pitch 32.310  It's only the language of the shameless oppo
 * y 2105 nglyph  52 nchar  52 cells  63 span  1961 pitch 31.127  to cash in by riding Bitcoins coattails that
   y 2199 nglyph  35 nchar  47 cells  53 span  1781 pitch 33.604  Vitalik Buterin came up with the "Maximalist
 * y 2298 nglyph  47 nchar  45 cells  53 span  1717 pitch 32.396  Now he's slinging proof of stake at the mEth
   y 2675 nglyph  31 nchar  37 cells  43 span  1402 pitch 32.605  the Layer 1 of the whole Satoshi experience.
 * y 2779 nglyph  39 nchar  39 cells  45 span  1583 pitch 35.178  You wouldn't be digging blindly with your ba
 * y 2877 nglyph  41 nchar  41 cells  49 span  1650 pitch 33.673  hands in the muck of Bitcoin's rabbit hole i
 * y 2975 nglyph  47 nchar  46 cells  53 span  1751 pitch 33.038  weren't true. Anything worth hearing is hard
 * y 3073 nglyph  47 nchar  45 cells  52 span  1657 pitch 31.865  to. Nice, pleasant words from con men and sh
 * y 3170 nglyph  41 nchar  41 cells  47 span  1508 pitch 32.085  are easy listening for the gullible and unlo

== p76  mask lines 26  transcript lines 31  matched 26  within2 17  cost 115
   y    3 nglyph  40 nchar  46 cells  54 span  1549 pitch 28.685  Get some toxicity. Get some bitcoin. Open yo
 * y  102 nglyph  50 nchar  50 cells  58 span  1842 pitch 31.759  It's funkier than a whole parallel universe 
 * y  198 nglyph  54 nchar  52 cells  60 span  1956 pitch 32.600  but George Clinton and James Brown clones. I
 * y  293 nglyph  55 nchar  55 cells  64 span  2051 pitch 32.047  nailing the Vatican with ultimatums. It's th
 * y  393 nglyph  47 nchar  47 cells  55 span  1779 pitch 32.345  ripped off live central bankers tied to a bu
 * y  708 nglyph  55 nchar  55 cells  66 span  2134 pitch 32.333  since I started honey-badgering him to buy s
 * y  810 nglyph  41 nchar  41 cells  45 span  1495 pitch 33.222  have dulled shitcoiners' and nocoiners' mind
 * y  910 nglyph  49 nchar  49 cells  54 span  1741 pitch 32.241  The collective unconscious, controlled now b
   y 1008 nglyph  45 nchar  42 cells  49 span  1557 pitch 31.776  cats, plays "Friends" reruns all day in our 
 * y 1104 nglyph  49 nchar  49 cells  54 span  1795 pitch 33.241  Our imaginations and inventiveness have been
   y 1200 nglyph  21 nchar  48 cells  57 span  1410 pitch 24.737  by the rancid catnip of fiat money.   Fortun
   y 1298 nglyph  45 nchar  42 cells  50 span  2467 pitch 49.340  puts an end to the paper chase Manhattan Ban
   y 1392 nglyph  20 nchar  45 cells  52 span  2506 pitch 48.192  laundering lobotomy. It's a stun gun to the 
 * y 1492 nglyph  42 nchar  41 cells  46 span  2256 pitch 49.043  A monetary defibrillator to the treasure che
 * y 2103 nglyph  35 nchar  35 cells  41 span  1331 pitch 32.463  Have you seen the president of El Salvador
   y 2193 nglyph  57 nchar  51 cells  57 span  1826 pitch 32.035  trolling the International Monetary Fund (IM
   y 2298 nglyph  32 nchar  47 cells  54 span  1150 pitch 21.296  He's taunting them, telling them he's "buyin
 * y 2393 nglyph  43 nchar  43 cells  49 span  1690 pitch 34.490  I tweeted President Nayib Bukele when he ann
 * y 2492 nglyph  41 nchar  41 cells  49 span  1542 pitch 31.469  he was going to tap his nation's volcanoes t
   y 2588 nglyph  26 nchar  35 cells  42 span   976 pitch 23.238  $1 billion in bitcoin — that he should sell
 * y 2686 nglyph  36 nchar  36 cells  40 span  1291 pitch 32.275  billions worth of future bitcoin earnings
   y 2780 nglyph  28 nchar  42 cells  48 span  1573 pitch 32.771  collateralized "Volcano Bonds" to pay off th
 * y 2876 nglyph  41 nchar  39 cells  47 span  1488 pitch 31.660  loan and get rid of those leeches. I tagged 
 * y 2976 nglyph  39 nchar  40 cells  47 span  1471 pitch 31.298  Novogratz in the tweet, figuring he could se
 * y 3072 nglyph  41 nchar  40 cells  49 span  1539 pitch 31.408  bunch to his Wall Street crony pals, but so 
 * y 3167 nglyph  41 nchar  41 cells  49 span  1534 pitch 31.306  hasn't moved on it. I don't really trust tha

== p78  mask lines 19  transcript lines 23  matched 19  within2 13  cost 127
 * y    1 nglyph  31 nchar  31 cells  37 span  1191 pitch 32.189  We've never had an economy and a money
 * y   96 nglyph  39 nchar  39 cells  43 span  1341 pitch 31.186  that incentivizes love before until bitcoin.
 * y  193 nglyph  38 nchar  38 cells  43 span  1373 pitch 31.930  Love opens up the collective unconscious and
 * y  289 nglyph  37 nchar  37 cells  43 span  1350 pitch 31.395  our joint inner cosmic being. The economy of
 * y  387 nglyph  42 nchar  44 cells  51 span  1559 pitch 30.569  love is infinitely more efficient than hate 
 * y  576 nglyph  47 nchar  47 cells  55 span  1829 pitch 33.255  I listen to these eggheads — Michael Saylor,
 * y  674 nglyph  50 nchar  50 cells  62 span  2216 pitch 35.742  Marty Bent —     who spend their days pourin
   y  772 nglyph  25 nchar  44 cells  51 span   904 pitch 17.725  and gallons of iced espresso. The numbers do
   y  869 nglyph  35 nchar  50 cells  61 span  1378 pitch 22.590  and requires money printing and wars to keep
 * y 1063 nglyph  57 nchar  58 cells  69 span  2211 pitch 32.043  the service of an uber class of banksters wh
   y 1157 nglyph  39 nchar  54 cells  64 span  1605 pitch 25.078  BILLION worth of hate toys in Afghanistan, f
   y 1256 nglyph  18 nchar  45 cells  51 span   663 pitch 13.000  that some estimate cost $2 trillion fiat cuc
   y 1340 nglyph  21 nchar  43 cells  48 span  2671 pitch 55.646  BITCOIN FIXES ALL THIS by replacing oil-drip
 * y 1644 nglyph  58 nchar  58 cells  63 span  2678 pitch 42.508  corpse-ridden, poppy-harvesting fiat money w
 * y 1735 nglyph  52 nchar  51 cells  59 span  2678 pitch 45.390  Remove the war incentive, and you remove the
 * y 1816 nglyph  64 nchar  64 cells  76 span  2670 pitch 35.132  Bitcoin fills the gap with love; our most na
   y 2161 nglyph  18 nchar  43 cells  49 span   623 pitch 12.714  The warmongers will start mining bitcoin for
 * y 2256 nglyph  34 nchar  34 cells  39 span  1220 pitch 31.282  observable by anyone choosing to see it,
 * y 2353 nglyph  28 nchar  28 cells  32 span  1009 pitch 31.531  right there in the Genesis Block.

== p79  mask lines 6  transcript lines 26  matched 6  within2 6  cost 2
 * y 1865 nglyph  39 nchar  40 cells  50 span  2125 pitch 42.500  To wrap this up, as we move from a war and v
 * y 1958 nglyph  37 nchar  38 cells  45 span  2022 pitch 44.933  Yes, for some, the Bitcoin rabbit hole ends 
 * y 2068 nglyph  22 nchar  22 cells  24 span   787 pitch 32.792  during their 1969 bed-in.
 * y 2544 nglyph  42 nchar  42 cells  51 span  1739 pitch 34.098  We've seen some shit. Happy to share it all 
 * y 2642 nglyph  41 nchar  41 cells  49 span  1647 pitch 33.612  — the agony and ecstasy — as Bitcoin conquer
 * y 2740 nglyph  37 nchar  37 cells  44 span  1520 pitch 34.545  and hate and replaces it with peace and love

REGRESSION over 51 confidently-matched lines
  span = 37.9021 * cells + -184.96   R2 = 0.72223
  pitch = 37.9021 px = 6.8224 pt = 10.5535 cpi
  residual sd = 211.54 px = 38.077 pt
  p75: pitch 43.2269 px (7.7808 pt) from 16 lines
  p76: pitch 27.6286 px (4.9731 pt) from 17 lines
  p78: pitch 42.4873 px (7.6477 pt) from 13 lines
  p79: pitch 20.0670 px (3.6121 pt) from 5 lines
