
== p72
  y    1 h  31 ink   3444 xh  29.0px/ 5.22pt asc  29.0 desc   1.0 pitch None acp None
  y  149 h  73 ink   5230 xh  66.0px/11.88pt asc  68.0 desc   2.0 pitch None acp None
  y  246 h  58 ink  10882 xh  55.0px/ 9.90pt asc  55.0 desc   1.0 pitch 42.86 acp 0.283
  y  332 h  44 ink   5391 xh  42.0px/ 7.56pt asc  43.0 desc   1.0 pitch 36.49 acp 0.293
  y  408 h  51 ink   9762 xh  51.0px/ 9.18pt asc  51.0 desc   0.0 pitch 40.41 acp 0.358
  y  671 h 107 ink  20859 xh  99.0px/17.82pt asc 103.0 desc   1.0 pitch 47.93 acp 0.336
  y 1055 h  51 ink  11444 xh   7.0px/ 1.26pt asc   8.0 desc  42.0 pitch 40.96 acp 0.497
  y 1144 h  63 ink  17379 xh  53.0px/ 9.54pt asc  53.0 desc   1.0 pitch 54.9 acp 0.146
  y 1373 h  63 ink   4720 xh  23.0px/ 4.14pt asc  51.0 desc  11.0 pitch 20.94 acp 0.387
  y 1476 h  59 ink  20741 xh  56.0px/10.08pt asc  57.0 desc   1.0 pitch 60.0 acp 0.149
  y 1573 h  60 ink  21427 xh  57.0px/10.26pt asc  57.0 desc   0.0 pitch 60.0 acp 0.136
  y 1673 h  79 ink   9514 xh  11.0px/ 1.98pt asc  24.0 desc  38.0 pitch 39.31 acp 0.455
  y 1795 h  99 ink  24767 xh  15.0px/ 2.70pt asc  69.0 desc   1.0 pitch 31.16 acp 0.398
  y 1933 h 193 ink  23963 xh  32.0px/ 5.76pt asc 110.0 desc  77.0 pitch 18.0 acp 0.608
  y 2130 h  62 ink   7096 xh   8.0px/ 1.44pt asc  19.0 desc  38.0 pitch 18.0 acp 0.504
  y 2200 h  72 ink   5102 xh  20.0px/ 3.60pt asc  29.0 desc  38.0 pitch 18.0 acp 0.534
  y 2396 h  68 ink   5441 xh  13.0px/ 2.34pt asc  55.0 desc  12.0 pitch 22.8 acp 0.398
  y 2501 h  51 ink  10663 xh  28.0px/ 5.04pt asc  50.0 desc   1.0 pitch 47.18 acp 0.161
  y 2567 h 224 ink  35439 xh  48.0px/ 8.64pt asc  83.0 desc 140.0 pitch 45.29 acp 0.3
  y 2822 h  62 ink  12181 xh  11.0px/ 1.98pt asc  23.0 desc  34.0 pitch 45.0 acp 0.357
  y 2960 h  71 ink  21148 xh  11.0px/ 1.98pt asc  68.0 desc   2.0 pitch 31.23 acp 0.181
  y 3098 h  62 ink   9179 xh  37.0px/ 6.66pt asc  50.0 desc   2.0 pitch 20.01 acp 0.498
  y 3221 h  71 ink  15433 xh   9.0px/ 1.62pt asc  68.0 desc   1.0 pitch 31.88 acp 0.544
  y 3639 h  33 ink   3962 xh  17.0px/ 3.06pt asc  24.0 desc   1.0 pitch 20.71 acp 0.317
  y 3680 h  30 ink   5689 xh  18.0px/ 3.24pt asc  19.0 desc   1.0 pitch 20.55 acp 0.459
  y 3718 h  30 ink   6928 xh  18.0px/ 3.24pt asc  25.0 desc   1.0 pitch 20.59 acp 0.369
  y 3759 h  29 ink   6000 xh  18.0px/ 3.24pt asc  23.0 desc   1.0 pitch 20.23 acp 0.343
  y 3798 h  34 ink   7505 xh  18.0px/ 3.24pt asc  26.0 desc   1.0 pitch 20.77 acp 0.329

== p73
  y    2 h 276 ink 263919 xh 218.0px/39.24pt asc 238.0 desc  29.0 pitch 18.0 acp 0.599

== p75
  y    2 h  53 ink  18869 xh   9.0px/ 1.62pt asc  46.0 desc   3.0 pitch 22.07 acp 0.145
  y  100 h  53 ink  19618 xh   9.0px/ 1.62pt asc  47.0 desc   3.0 pitch 41.61 acp 0.141
  y  247 h  78 ink  10489 xh  13.0px/ 2.34pt asc  58.0 desc  10.0 pitch 42.78 acp 0.471
  y  394 h  57 ink  20175 xh  10.0px/ 1.80pt asc  42.0 desc   3.0 pitch 36.74 acp 0.122
  y  490 h  58 ink  28284 xh  16.0px/ 2.88pt asc  45.0 desc   6.0 pitch 37.99 acp 0.156
  y  587 h  60 ink  17071 xh  10.0px/ 1.80pt asc  41.0 desc   2.0 pitch 36.75 acp 0.114
  y  687 h  57 ink  17383 xh   8.0px/ 1.44pt asc  42.0 desc  11.0 pitch 36.9 acp 0.207
  y  782 h  60 ink  23270 xh  31.0px/ 5.58pt asc  42.0 desc   4.0 pitch 36.83 acp 0.18
  y  877 h  56 ink  16133 xh  10.0px/ 1.80pt asc  43.0 desc   2.0 pitch 39.13 acp 0.284
  y  982 h  43 ink   3624 xh   6.0px/ 1.08pt asc  42.0 desc   1.0 pitch 32.34 acp 0.226
  y 1072 h  77 ink  25781 xh  29.0px/ 5.22pt asc  43.0 desc   3.0 pitch 20.7 acp 0.271
  y 1165 h  68 ink  21190 xh  17.0px/ 3.06pt asc  46.0 desc   2.0 pitch 19.83 acp 0.22
  y 1330 h  77 ink  22920 xh  20.0px/ 3.60pt asc  45.0 desc   5.0 pitch 18.58 acp 0.246
  y 1412 h  90 ink  24819 xh  10.0px/ 1.80pt asc  43.0 desc   3.0 pitch 20.0 acp 0.284
  y 1523 h  61 ink  27858 xh  32.0px/ 5.76pt asc  44.0 desc   2.0 pitch 36.83 acp 0.309
  y 1616 h  71 ink  24164 xh   9.0px/ 1.62pt asc  45.0 desc   3.0 pitch 42.05 acp 0.248
  y 1705 h  74 ink  13811 xh   8.0px/ 1.44pt asc  42.0 desc   9.0 pitch 38.05 acp 0.39
  y 2006 h  62 ink  21230 xh   9.0px/ 1.62pt asc  43.0 desc  12.0 pitch 38.14 acp 0.142
  y 2105 h  57 ink  20573 xh   9.0px/ 1.62pt asc  42.0 desc   3.0 pitch 38.25 acp 0.095
  y 2199 h  61 ink  16063 xh  10.0px/ 1.80pt asc  45.0 desc   4.0 pitch 37.98 acp 0.286
  y 2298 h  56 ink  18848 xh  10.0px/ 1.80pt asc  44.0 desc   7.0 pitch 19.75 acp 0.088
  y 2578 h  68 ink  18225 xh  10.0px/ 1.80pt asc  52.0 desc   2.0 pitch 50.06 acp 0.086
  y 2675 h  68 ink  12431 xh   7.0px/ 1.26pt asc  43.0 desc   2.0 pitch 19.96 acp 0.337
  y 2779 h  62 ink  27151 xh  31.0px/ 5.58pt asc  44.0 desc  11.0 pitch 40.75 acp 0.12
  y 2877 h  50 ink  27311 xh  13.0px/ 2.34pt asc  44.0 desc   2.0 pitch 41.14 acp 0.141
  y 2975 h  58 ink  21173 xh  11.0px/ 1.98pt asc  41.0 desc   2.0 pitch 39.81 acp 0.246
  y 3073 h  54 ink  17884 xh   9.0px/ 1.62pt asc  40.0 desc   2.0 pitch 19.71 acp 0.16
  y 3170 h  55 ink  16615 xh   8.0px/ 1.44pt asc  42.0 desc   2.0 pitch 39.98 acp 0.126

== p76
  y    3 h  58 ink  21840 xh  11.0px/ 1.98pt asc  44.0 desc  10.0 pitch 41.76 acp 0.2
  y  102 h  55 ink  20268 xh   6.0px/ 1.08pt asc  41.0 desc   2.0 pitch 20.38 acp 0.118
  y  198 h  57 ink  22543 xh   7.0px/ 1.26pt asc  42.0 desc   2.0 pitch 20.53 acp 0.12
  y  293 h  60 ink  22822 xh   8.0px/ 1.44pt asc  42.0 desc   2.0 pitch 20.44 acp 0.125
  y  393 h  57 ink  21792 xh   8.0px/ 1.44pt asc  42.0 desc   1.0 pitch 38.51 acp 0.204
  y  618 h  65 ink  38814 xh   5.0px/ 0.90pt asc  23.0 desc  39.0 pitch 36.88 acp 0.613
  y  708 h  64 ink  23497 xh   7.0px/ 1.26pt asc  42.0 desc   3.0 pitch 37.45 acp 0.122
  y  810 h  53 ink  19798 xh   9.0px/ 1.62pt asc  41.0 desc   1.0 pitch 36.49 acp 0.218
  y  910 h  55 ink  19608 xh   7.0px/ 1.26pt asc  41.0 desc   2.0 pitch 19.89 acp 0.218
  y 1008 h  55 ink  17146 xh   7.0px/ 1.26pt asc  41.0 desc   2.0 pitch 36.82 acp 0.215
  y 1104 h  55 ink  20371 xh   8.0px/ 1.44pt asc  40.0 desc   1.0 pitch 20.07 acp 0.223
  y 1200 h  64 ink   7488 xh   6.0px/ 1.08pt asc  41.0 desc   2.0 pitch 21.05 acp 0.566
  y 1298 h  76 ink  19161 xh   8.0px/ 1.44pt asc  41.0 desc   2.0 pitch 19.5 acp 0.388
  y 1392 h  58 ink   8575 xh   6.0px/ 1.08pt asc  42.0 desc   9.0 pitch 19.65 acp 0.59
  y 1492 h  55 ink  16689 xh   7.0px/ 1.26pt asc  41.0 desc   2.0 pitch 36.58 acp 0.432
  y 2009 h  44 ink   6047 xh   6.0px/ 1.08pt asc  41.0 desc   1.0 pitch 36.51 acp 0.165
  y 2103 h  58 ink  16688 xh   9.0px/ 1.62pt asc  44.0 desc   1.0 pitch 37.83 acp 0.198
  y 2193 h  64 ink  20678 xh   6.0px/ 1.08pt asc  42.0 desc   2.0 pitch 36.93 acp 0.091
  y 2298 h  56 ink  13260 xh   6.0px/ 1.08pt asc  42.0 desc   2.0 pitch 20.13 acp 0.112
  y 2393 h  58 ink  24465 xh  10.0px/ 1.80pt asc  43.0 desc   2.0 pitch 39.27 acp 0.312
  y 2492 h  55 ink  17071 xh   7.0px/ 1.26pt asc  39.0 desc   2.0 pitch 19.84 acp 0.144
  y 2588 h  46 ink  10427 xh   6.0px/ 1.08pt asc  42.0 desc   1.0 pitch 20.58 acp 0.177
  y 2686 h  52 ink  14556 xh   7.0px/ 1.26pt asc  41.0 desc   1.0 pitch 20.59 acp 0.136
  y 2780 h  57 ink  12920 xh   7.0px/ 1.26pt asc  45.0 desc   2.0 pitch 32.69 acp 0.415
  y 2876 h  59 ink  18349 xh   7.0px/ 1.26pt asc  42.0 desc   2.0 pitch 37.38 acp 0.228
  y 2976 h  56 ink  17646 xh   7.0px/ 1.26pt asc  42.0 desc  10.0 pitch 38.13 acp 0.132
  y 3072 h  56 ink  16571 xh   8.0px/ 1.44pt asc  42.0 desc   1.0 pitch 37.11 acp 0.117
  y 3167 h  57 ink  18206 xh   9.0px/ 1.62pt asc  42.0 desc   2.0 pitch 37.77 acp 0.194
  y 3290 h  67 ink  10791 xh  10.0px/ 1.80pt asc  49.0 desc   1.0 pitch 43.33 acp 0.289

== p78
  y    1 h  51 ink  19543 xh  29.0px/ 5.22pt asc  38.0 desc   2.0 pitch 36.37 acp 0.238
  y   96 h  43 ink  22009 xh  30.0px/ 5.40pt asc  40.0 desc   0.0 pitch 34.86 acp 0.217
  y  193 h  52 ink  22598 xh  29.0px/ 5.22pt asc  39.0 desc   1.0 pitch 35.4 acp 0.281
  y  289 h  54 ink  22216 xh  29.0px/ 5.22pt asc  41.0 desc   1.0 pitch 36.2 acp 0.166
  y  387 h  53 ink  25465 xh  29.0px/ 5.22pt asc  40.0 desc   1.0 pitch 38.63 acp 0.238
  y  576 h  57 ink  26805 xh  10.0px/ 1.80pt asc  43.0 desc   1.0 pitch 38.67 acp 0.225
  y  674 h  57 ink  25748 xh   9.0px/ 1.62pt asc  42.0 desc  10.0 pitch 37.14 acp 0.284
  y  772 h  54 ink  11132 xh   8.0px/ 1.44pt asc  42.0 desc   1.0 pitch 35.73 acp 0.316
  y  869 h  55 ink  15297 xh   6.0px/ 1.08pt asc  40.0 desc   1.0 pitch 19.95 acp 0.167
  y 1063 h  54 ink  25706 xh   8.0px/ 1.44pt asc  41.0 desc   1.0 pitch 37.97 acp 0.145
  y 1157 h  58 ink  23708 xh  11.0px/ 1.98pt asc  42.0 desc   1.0 pitch 19.77 acp 0.139
  y 1256 h  53 ink   7973 xh   7.0px/ 1.26pt asc  42.0 desc   0.0 pitch 40.26 acp 0.196
  y 1340 h  71 ink  10017 xh   8.0px/ 1.44pt asc  37.0 desc   1.0 pitch 18.0 acp 0.499
  y 1546 h  54 ink  27725 xh  15.0px/ 2.70pt asc  40.0 desc  10.0 pitch 39.58 acp 0.49
  y 1644 h  74 ink  34711 xh  30.0px/ 5.40pt asc  40.0 desc  11.0 pitch 35.86 acp 0.46
  y 1735 h  77 ink  31408 xh  29.0px/ 5.22pt asc  39.0 desc   1.0 pitch 36.07 acp 0.424
  y 1816 h  75 ink  38657 xh  29.0px/ 5.22pt asc  39.0 desc   2.0 pitch 35.7 acp 0.227
  y 2046 h  74 ink  39134 xh  11.0px/ 1.98pt asc  56.0 desc   1.0 pitch 55.63 acp 0.045
  y 2161 h  43 ink  10568 xh  29.0px/ 5.22pt asc  40.0 desc   1.0 pitch 42.95 acp 0.18
  y 2256 h  53 ink  20128 xh  29.0px/ 5.22pt asc  40.0 desc   7.0 pitch 35.9 acp 0.254
  y 2353 h  53 ink  16879 xh  30.0px/ 5.40pt asc  41.0 desc   1.0 pitch 37.57 acp 0.215
  y 3150 h 251 ink   6444 xh  46.0px/ 8.28pt asc  50.0 desc 201.0 pitch None acp None

== p79
  y    3 h 269 ink  78060 xh 105.0px/18.90pt asc 147.0 desc 102.0 pitch 19.32 acp 0.574
  y  747 h 806 ink 204172 xh  81.0px/14.58pt asc 391.0 desc 400.0 pitch 37.81 acp 0.742
  y 1865 h  64 ink  21170 xh  11.0px/ 1.98pt asc  45.0 desc   8.0 pitch 38.48 acp 0.38
  y 1958 h  79 ink  15930 xh   8.0px/ 1.44pt asc  41.0 desc   2.0 pitch 18.69 acp 0.354
  y 2068 h  54 ink   8831 xh   7.0px/ 1.26pt asc  41.0 desc   1.0 pitch 36.6 acp 0.189
  y 2442 h  71 ink  30809 xh  36.0px/ 6.48pt asc  51.0 desc   4.0 pitch 46.71 acp 0.114
  y 2544 h  65 ink  28484 xh  32.0px/ 5.76pt asc  44.0 desc   4.0 pitch 41.23 acp 0.167
  y 2642 h  61 ink  22833 xh  31.0px/ 5.58pt asc  42.0 desc  11.0 pitch 38.33 acp 0.29
  y 2740 h  58 ink  25764 xh  32.0px/ 5.76pt asc  43.0 desc   2.0 pitch 40.17 acp 0.227
