
== p72
  y  246 ypt  86.8 n  12 xh  54.0px/ 9.72pt tall  56.0 desc  0.8 pitch  43.2 xL   967 xR  1498
  y  332 ypt 102.2 n  11 xh  42.0px/ 7.56pt tall  44.0 desc  0.5 pitch  36.5 xL  1072 xR  1500
  y  408 ypt 115.9 n   9 xh  51.0px/ 9.18pt tall  51.0 desc  0.0 pitch  48.5 xL  1117 xR  1501
  y  671 ypt 163.3 n   9 xh  80.0px/14.40pt tall 105.0 desc  1.9 pitch   0.0 xL  1483 xR  1992
  y 1055 ypt 232.4 n  16 xh  48.0px/ 8.64pt tall  49.0 desc  1.5 pitch  41.0 xL  1396 xR  2081
  y 1144 ypt 248.4 n  21 xh  53.0px/ 9.54pt tall  55.0 desc  3.8 pitch  26.1 xL  1433 xR  2055
  y 1373 ypt 289.6 n   9 xh  40.2px/ 7.24pt tall  52.0 desc  9.5 pitch  40.0 xL  1574 xR  1901
  y 1476 ypt 308.2 n  10 xh  57.0px/10.26pt tall  57.2 desc  0.4 pitch   0.0 xL  1412 xR  2064
  y 1573 ypt 325.6 n  10 xh  56.0px/10.08pt tall  57.3 desc  1.0 pitch   0.0 xL  1398 xR  2078
  y 1673 ypt 343.6 n  19 xh  38.5px/ 6.93pt tall  51.0 desc 14.7 pitch  38.7 xL  1412 xR  3260
  y 1795 ypt 365.6 n  21 xh  67.0px/12.06pt tall  69.3 desc 13.4 pitch  51.5 xL  1165 xR  3258
  y 1933 ypt 390.4 n  26 xh 166.0px/29.88pt tall 172.0 desc 10.7 pitch  32.1 xL  1393 xR  3268
  y 2130 ypt 425.9 n  18 xh  32.0px/ 5.76pt tall  41.5 desc 12.2 pitch  31.7 xL  1488 xR  3258
  y 2200 ypt 438.5 n  14 xh  32.0px/ 5.76pt tall  43.0 desc 22.7 pitch  31.2 xL  1571 xR  3258
  y 2396 ypt 473.8 n   9 xh  43.3px/ 7.79pt tall  56.0 desc 10.6 pitch  43.5 xL  1551 xR  1906
  y 2822 ypt 550.4 n  18 xh  45.1px/ 8.12pt tall  60.0 desc  0.8 pitch  43.6 xL  1350 xR  2110
  y 2960 ypt 575.3 n  18 xh  67.0px/12.06pt tall  70.0 desc  1.6 pitch  49.2 xL  1267 xR  2315
  y 3098 ypt 600.1 n  11 xh  39.0px/ 7.02pt tall  51.0 desc  8.7 pitch  52.7 xL  1505 xR  1951
  y 3221 ypt 622.3 n  13 xh  67.0px/12.06pt tall  69.8 desc  1.3 pitch  52.7 xL  1548 xR  2297
  y 3639 ypt 697.5 n  29 xh  18.0px/ 3.24pt tall  24.0 desc  7.3 pitch  20.7 xL  1896 xR  2476
  y 3680 ypt 704.9 n  40 xh  19.0px/ 3.42pt tall  21.4 desc  4.7 pitch  20.7 xL  1896 xR  2720
  y 3718 ypt 711.7 n  48 xh  19.0px/ 3.42pt tall  24.0 desc  3.4 pitch  20.2 xL  1906 xR  2899
  y 3759 ypt 719.1 n  40 xh  19.0px/ 3.42pt tall  23.3 desc  1.7 pitch  20.3 xL  1896 xR  2736
  y 3798 ypt 726.1 n  49 xh  19.0px/ 3.42pt tall  25.0 desc  5.7 pitch  21.1 xL  1896 xR  2924

== p73

== p75
  y    2 ypt 138.6 n  43 xh  33.0px/ 5.94pt tall  45.0 desc  2.5 pitch  36.0 xL   359 xR  2078
  y  100 ypt 156.2 n  45 xh  34.0px/ 6.12pt tall  46.2 desc  4.5 pitch  36.6 xL   357 xR  2141
  y  247 ypt 182.7 n  11 xh  40.1px/ 7.22pt tall  58.6 desc 12.8 pitch  46.0 xL   357 xR  1124
  y  394 ypt 209.2 n  50 xh  31.0px/ 5.58pt tall  42.0 desc  4.9 pitch  33.3 xL   356 xR  2275
  y  490 ypt 226.4 n  34 xh  31.0px/ 5.58pt tall  42.0 desc  9.8 pitch  33.3 xL   356 xR  2512
  y  587 ypt 243.9 n  42 xh  31.0px/ 5.58pt tall  42.0 desc 11.2 pitch  32.4 xL   355 xR  1932
  y  687 ypt 261.9 n  41 xh  31.0px/ 5.58pt tall  42.0 desc 11.7 pitch  35.4 xL   964 xR  2530
  y  782 ypt 279.0 n  53 xh  31.0px/ 5.58pt tall  43.0 desc 12.6 pitch  33.1 xL   355 xR  2446
  y  877 ypt 296.1 n  29 xh  33.0px/ 5.94pt tall  44.0 desc  5.2 pitch  33.5 xL   354 xR  1489
  y  982 ypt 315.0 n   9 xh  31.0px/ 5.58pt tall  42.0 desc  0.6 pitch  33.3 xL  2231 xR  2548
  y 1072 ypt 331.2 n  58 xh  30.0px/ 5.40pt tall  42.0 desc 14.6 pitch  38.3 xL    17 xR  2590
  y 1165 ypt 347.9 n  45 xh  31.0px/ 5.58pt tall  42.0 desc 12.6 pitch  33.1 xL    16 xR  2126
  y 1330 ypt 377.6 n  53 xh  31.0px/ 5.58pt tall  41.0 desc 13.5 pitch  33.3 xL     6 xR  2528
  y 1412 ypt 392.4 n  60 xh  31.0px/ 5.58pt tall  45.0 desc 11.1 pitch  32.4 xL    15 xR  2524
  y 1523 ypt 412.4 n  56 xh  31.0px/ 5.58pt tall  45.0 desc 12.2 pitch  33.5 xL     5 xR  2540
  y 1616 ypt 429.1 n  56 xh  31.0px/ 5.58pt tall  45.0 desc 13.9 pitch  33.3 xL    14 xR  2366
  y 1705 ypt 445.1 n  22 xh  31.0px/ 5.58pt tall  42.0 desc 15.8 pitch  32.2 xL    14 xR  1814
  y 2006 ypt 499.3 n  51 xh  31.0px/ 5.58pt tall  42.0 desc 12.1 pitch  32.2 xL   475 xR  2382
  y 2105 ypt 517.1 n  52 xh  31.0px/ 5.58pt tall  42.0 desc 10.6 pitch  33.1 xL   472 xR  2446
  y 2199 ypt 534.1 n  35 xh  31.5px/ 5.67pt tall  45.0 desc 12.4 pitch  32.2 xL   473 xR  2267
  y 2298 ypt 551.9 n  47 xh  31.0px/ 5.58pt tall  42.0 desc  8.0 pitch  32.8 xL   473 xR  2203
  y 2578 ypt 602.3 n  27 xh  37.0px/ 6.66pt tall  54.0 desc  7.3 pitch  39.6 xL   472 xR  1589
  y 2675 ypt 619.7 n  31 xh  31.0px/ 5.58pt tall  42.0 desc  5.4 pitch  32.5 xL   470 xR  1885
  y 2779 ypt 638.5 n  39 xh  34.0px/ 6.12pt tall  46.0 desc 12.9 pitch  40.2 xL   471 xR  2085
  y 2877 ypt 656.1 n  41 xh  34.0px/ 6.12pt tall  45.0 desc  1.8 pitch  34.2 xL   470 xR  2150
  y 2975 ypt 673.7 n  47 xh  31.0px/ 5.58pt tall  42.4 desc 10.9 pitch  33.4 xL   470 xR  2254
  y 3073 ypt 691.4 n  47 xh  30.0px/ 5.40pt tall  42.0 desc  9.6 pitch  33.4 xL   468 xR  2153
  y 3170 ypt 708.8 n  41 xh  31.0px/ 5.58pt tall  42.8 desc  9.0 pitch  32.2 xL   470 xR  1991

== p76
  y    3 ypt 116.5 n  40 xh  33.0px/ 5.94pt tall  45.0 desc 10.9 pitch  34.4 xL   809 xR  2371
  y  102 ypt 134.3 n  50 xh  31.0px/ 5.58pt tall  42.0 desc  8.9 pitch  32.4 xL   498 xR  2373
  y  198 ypt 151.6 n  54 xh  31.0px/ 5.58pt tall  42.2 desc  2.7 pitch  33.3 xL   387 xR  2373
  y  293 ypt 168.7 n  55 xh  31.0px/ 5.58pt tall  43.0 desc  7.5 pitch  32.5 xL   289 xR  2373
  y  393 ypt 186.7 n  47 xh  31.0px/ 5.58pt tall  43.0 desc 12.7 pitch  37.2 xL   579 xR  2371
  y  708 ypt 243.4 n  55 xh  31.0px/ 5.58pt tall  42.0 desc 11.5 pitch  33.4 xL   224 xR  2372
  y  810 ypt 261.7 n  41 xh  31.0px/ 5.58pt tall  44.3 desc  2.6 pitch  35.1 xL   863 xR  2371
  y  910 ypt 279.7 n  49 xh  31.0px/ 5.58pt tall  42.0 desc 10.9 pitch  33.2 xL   129 xR  1898
  y 1008 ypt 297.4 n  45 xh  31.0px/ 5.58pt tall  42.0 desc 12.4 pitch  33.4 xL   327 xR  1897
  y 1104 ypt 314.6 n  49 xh  31.0px/ 5.58pt tall  42.0 desc  1.9 pitch  36.2 xL    71 xR  1898
  y 1200 ypt 331.9 n  21 xh  31.0px/ 5.58pt tall  43.0 desc 17.1 pitch  32.9 xL  1268 xR  2703
  y 1298 ypt 349.6 n  45 xh  30.0px/ 5.40pt tall  42.0 desc 14.7 pitch  38.2 xL   203 xR  2704
  y 1392 ypt 366.5 n  20 xh  30.0px/ 5.40pt tall  42.4 desc 11.5 pitch  33.3 xL   164 xR  2704
  y 1492 ypt 384.5 n  42 xh  31.0px/ 5.58pt tall  42.0 desc  6.7 pitch  32.9 xL   404 xR  2713
  y 2009 ypt 477.5 n  15 xh  31.0px/ 5.58pt tall  42.0 desc  0.7 pitch  34.8 xL     4 xR   544
  y 2103 ypt 494.5 n  35 xh  31.0px/ 5.58pt tall  43.9 desc 11.5 pitch  33.3 xL     4 xR  1365
  y 2193 ypt 510.7 n  57 xh  31.0px/ 5.58pt tall  43.0 desc 10.8 pitch  32.3 xL     2 xR  1852
  y 2298 ypt 529.6 n  32 xh  31.0px/ 5.58pt tall  42.0 desc 11.1 pitch  33.1 xL     4 xR  1181
  y 2393 ypt 546.7 n  43 xh  32.0px/ 5.76pt tall  44.9 desc  2.7 pitch  42.5 xL     4 xR  1726
  y 2492 ypt 564.5 n  41 xh  30.8px/ 5.54pt tall  42.0 desc 11.7 pitch  33.2 xL     4 xR  1574
  y 2588 ypt 581.8 n  26 xh  31.2px/ 5.62pt tall  42.0 desc  1.3 pitch  32.2 xL   368 xR  1373
  y 2686 ypt 599.4 n  36 xh  31.0px/ 5.58pt tall  42.0 desc  4.1 pitch  33.2 xL     3 xR  1322
  y 2780 ypt 616.3 n  28 xh  31.5px/ 5.67pt tall  43.0 desc 10.2 pitch  32.6 xL     4 xR  1616
  y 2876 ypt 633.6 n  41 xh  31.0px/ 5.58pt tall  42.4 desc 10.2 pitch  33.3 xL     4 xR  1522
  y 2976 ypt 651.6 n  39 xh  31.0px/ 5.58pt tall  42.0 desc 11.1 pitch  32.3 xL     4 xR  1508
  y 3072 ypt 668.9 n  41 xh  31.0px/ 5.58pt tall  42.0 desc 10.9 pitch  34.3 xL     4 xR  1570
  y 3167 ypt 686.0 n  41 xh  30.5px/ 5.49pt tall  43.0 desc 10.0 pitch  35.3 xL     5 xR  1556
  y 3290 ypt 708.1 n  19 xh  37.0px/ 6.66pt tall  50.5 desc  9.3 pitch  40.1 xL     6 xR   785

== p78
  y    1 ypt 100.3 n  31 xh  30.1px/ 5.42pt tall  40.3 desc  9.8 pitch  37.1 xL     3 xR  1229
  y   96 ypt 117.4 n  39 xh  31.0px/ 5.58pt tall  42.0 desc  0.7 pitch  32.1 xL     2 xR  1359
  y  193 ypt 134.8 n  38 xh  31.0px/ 5.58pt tall  41.0 desc 10.1 pitch  32.1 xL     4 xR  1409
  y  289 ypt 152.1 n  37 xh  31.0px/ 5.58pt tall  42.0 desc 10.5 pitch  32.8 xL     3 xR  1384
  y  387 ypt 169.7 n  42 xh  31.0px/ 5.58pt tall  41.0 desc  2.8 pitch  32.2 xL     3 xR  1578
  y  576 ypt 203.8 n  47 xh  32.0px/ 5.76pt tall  45.0 desc 10.2 pitch  35.1 xL   402 xR  2247
  y  674 ypt 221.4 n  50 xh  31.0px/ 5.58pt tall  43.0 desc 11.4 pitch  38.0 xL     3 xR  2246
  y  772 ypt 239.0 n  25 xh  31.0px/ 5.58pt tall  42.0 desc 10.5 pitch  34.4 xL     3 xR   920
  y  869 ypt 256.5 n  35 xh  31.0px/ 5.58pt tall  42.0 desc 12.0 pitch  33.2 xL     2 xR  1408
  y 1063 ypt 291.4 n  57 xh  31.0px/ 5.58pt tall  42.0 desc 11.0 pitch  32.6 xL     2 xR  2248
  y 1157 ypt 308.3 n  39 xh  33.0px/ 5.94pt tall  43.8 desc 11.3 pitch  35.0 xL     3 xR  1626
  y 1256 ypt 326.2 n  18 xh  31.0px/ 5.58pt tall  42.0 desc 10.9 pitch  32.8 xL  1555 xR  2248
  y 1340 ypt 341.3 n  21 xh  31.0px/ 5.58pt tall  42.0 desc  8.7 pitch  33.0 xL     1 xR  2706
  y 1546 ypt 378.4 n  44 xh  39.2px/ 7.06pt tall  41.0 desc 10.3 pitch  37.2 xL     2 xR  2705
  y 1644 ypt 396.0 n  58 xh  31.0px/ 5.58pt tall  42.0 desc 11.3 pitch  32.5 xL     2 xR  2706
  y 1735 ypt 412.4 n  52 xh  30.0px/ 5.40pt tall  41.0 desc 10.4 pitch  36.6 xL     2 xR  2714
  y 1816 ypt 427.0 n  64 xh  31.0px/ 5.58pt tall  41.0 desc 10.8 pitch  32.0 xL     2 xR  2705
  y 2046 ypt 468.4 n  43 xh  39.7px/ 7.15pt tall  58.0 desc 13.3 pitch  41.2 xL   240 xR  2371
  y 2161 ypt 489.1 n  18 xh  31.0px/ 5.58pt tall  41.4 desc  0.7 pitch  31.5 xL    65 xR   716
  y 2256 ypt 506.2 n  34 xh  31.0px/ 5.58pt tall  41.0 desc 10.4 pitch  32.6 xL  1136 xR  2371
  y 2353 ypt 523.6 n  28 xh  31.0px/ 5.58pt tall  42.0 desc  7.3 pitch  30.4 xL  1346 xR  2371

== p79
  y 1865 ypt 435.1 n  39 xh  31.0px/ 5.58pt tall  45.0 desc 11.5 pitch  33.7 xL    14 xR  2170
  y 1958 ypt 451.8 n  37 xh  31.0px/ 5.58pt tall  42.0 desc  8.3 pitch  33.3 xL    14 xR  2076
  y 2068 ypt 471.6 n  22 xh  31.0px/ 5.58pt tall  42.0 desc  6.9 pitch  32.9 xL   701 xR  1502
  y 2442 ypt 538.9 n  40 xh  37.0px/ 6.66pt tall  54.0 desc 12.4 pitch  44.4 xL   818 xR  2727
  y 2544 ypt 557.3 n  42 xh  33.1px/ 5.96pt tall  46.9 desc 12.5 pitch  39.2 xL   949 xR  2728
  y 2642 ypt 574.9 n  41 xh  31.0px/ 5.58pt tall  43.8 desc 11.8 pitch  36.2 xL  1047 xR  2728
  y 2740 ypt 592.6 n  37 xh  33.0px/ 5.94pt tall  45.0 desc 10.0 pitch  40.3 xL  1190 xR  2728
