
== p72
   2 n= 12 xh= 54.89px/ 9.88pt asc= 56.81/10.23 desc= 0.75/0.14 fb=1.00 fx=0.92 h=58
   3 n= 11 xh= 42.73px/ 7.69pt asc= 43.55/ 7.84 desc= 0.45/0.08 fb=1.00 fx=1.00 h=44
   5 n= 13 xh=103.88px/18.70pt asc=104.75/18.86 desc= 1.77/0.32 fb=0.62 fx=0.62 h=107
   6 n= 16 xh= 48.44px/ 8.72pt asc= 49.07/ 8.83 desc= 1.63/0.29 fb=0.94 fx=1.00 h=51
   7 n= 24 xh= 53.81px/ 9.69pt asc= 56.20/10.12 desc= 3.58/0.64 fb=0.79 fx=0.71 h=63
   9 n= 10 xh= 57.10px/10.28pt asc= 58.42/10.52 desc= 0.40/0.07 fb=1.00 fx=1.00 h=59
  10 n= 10 xh= 56.69px/10.20pt asc= 58.62/10.55 desc= 1.02/0.18 fb=1.00 fx=0.90 h=60
  12 n= 21 xh= 38.36px/ 6.90pt asc= 58.10/10.46 desc=14.50/2.61 fb=0.76 fx=0.67 h=79
  14 n= 22 xh= 68.15px/12.27pt asc= 74.63/13.43 desc=13.03/2.35 fb=0.77 fx=0.68 h=99
  15 n= 64 xh= 99.73px/17.95pt asc=110.19/19.83 desc=71.51/12.87 fb=0.33 fx=0.20 h=193
  16 n= 20 xh= 32.06px/ 5.77pt asc= 46.16/ 8.31 desc=12.04/2.17 fb=0.85 fx=0.70 h=62
  17 n= 13 xh= 32.00px/ 5.76pt asc= 44.52/ 8.01 desc=22.92/4.13 fb=0.69 fx=0.46 h=72
  24 n= 18 xh= 49.80px/ 8.96pt asc= 83.66/15.06 desc=139.32/25.08 fb=0.56 fx=0.56 h=224
  25 n= 18 xh= 45.07px/ 8.11pt asc= 61.22/11.02 desc= 0.78/0.14 fb=1.00 fx=0.72 h=62
  26 n= 17 xh= 68.20px/12.28pt asc= 69.13/12.44 desc= 1.87/0.34 fb=0.88 fx=0.82 h=71
  27 n= 11 xh= 39.08px/ 7.03pt asc= 51.10/ 9.20 desc= 8.70/1.57 fb=0.91 fx=0.82 h=62
  28 n= 13 xh= 67.42px/12.14pt asc= 69.69/12.54 desc= 1.31/0.24 fb=1.00 fx=0.85 h=71
  29 n= 30 xh= 18.36px/ 3.30pt asc= 25.71/ 4.63 desc= 7.29/1.31 fb=0.80 fx=0.77 h=33
  30 n= 41 xh= 18.66px/ 3.36pt asc= 24.49/ 4.41 desc= 4.71/0.85 fb=0.90 fx=0.83 h=30
  31 n= 57 xh= 18.70px/ 3.37pt asc= 26.43/ 4.76 desc= 3.45/0.62 fb=0.89 fx=0.79 h=30
  32 n= 43 xh= 18.78px/ 3.38pt asc= 25.75/ 4.63 desc= 1.57/0.28 fb=0.93 fx=0.74 h=29
  33 n= 51 xh= 18.19px/ 3.27pt asc= 26.30/ 4.73 desc= 3.70/0.67 fb=0.84 fx=0.53 h=34

== p73

== p75
   0 n= 46 xh= 31.13px/ 5.60pt asc= 50.00/ 9.00 desc= 3.00/0.54 fb=0.43 fx=0.33 h=53
   1 n= 47 xh= 32.93px/ 5.93pt asc= 48.00/ 8.64 desc= 5.00/0.90 fb=0.40 fx=0.30 h=53
   2 n= 11 xh= 40.67px/ 7.32pt asc= 60.33/10.86 desc=13.87/2.50 fb=0.55 fx=0.27 h=78
   3 n= 54 xh= 29.86px/ 5.38pt asc= 43.92/ 7.90 desc= 5.02/0.90 fb=0.44 fx=0.35 h=57
   4 n= 62 xh= 47.00px/ 8.46pt asc= 48.00/ 8.64 desc= 2.00/0.36 fb=0.37 fx=0.21 h=58
   5 n= 43 xh= 29.92px/ 5.39pt asc= 45.21/ 8.14 desc=11.43/2.06 fb=0.47 fx=0.37 h=60
   6 n= 42 xh= 32.81px/ 5.91pt asc= 45.00/ 8.10 desc=12.00/2.16 fb=0.48 fx=0.38 h=57
   7 n= 53 xh= 30.27px/ 5.45pt asc= 44.06/ 7.93 desc=12.90/2.32 fb=0.34 fx=0.36 h=60
   8 n= 29 xh= 33.07px/ 5.95pt asc= 45.62/ 8.21 desc= 5.34/0.96 fb=0.59 fx=0.66 h=56
   9 n= 10 xh= 41.61px/ 7.49pt asc= 42.44/ 7.64 desc= 0.56/0.10 fb=0.90 fx=0.60 h=43
  10 n= 59 xh= 30.06px/ 5.41pt asc= 42.63/ 7.67 desc=15.05/2.71 fb=0.34 fx=0.31 h=77
  12 n= 49 xh= 30.83px/ 5.55pt asc= 49.95/ 8.99 desc=12.29/2.21 fb=0.43 fx=0.33 h=68
  16 n= 55 xh= 32.14px/ 5.78pt asc= 47.06/ 8.47 desc=13.78/2.48 fb=0.40 fx=0.36 h=77
  17 n= 66 xh= 32.83px/ 5.91pt asc= 46.78/ 8.42 desc=10.72/1.93 fb=0.41 fx=0.27 h=90
  18 n= 58 xh= 33.06px/ 5.95pt asc= 48.00/ 8.64 desc=12.44/2.24 fb=0.43 fx=0.29 h=61
  20 n= 60 xh= 32.93px/ 5.93pt asc= 45.13/ 8.12 desc=13.79/2.48 fb=0.38 fx=0.25 h=71
  21 n= 31 xh= 30.79px/ 5.54pt asc= 48.06/ 8.65 desc=15.14/2.73 fb=0.45 fx=0.52 h=74
  24 n= 53 xh= 31.72px/ 5.71pt asc= 46.87/ 8.44 desc=12.05/2.17 fb=0.43 fx=0.40 h=62
  25 n= 56 xh= 30.04px/ 5.41pt asc= 43.04/ 7.75 desc=10.96/1.97 fb=0.43 fx=0.34 h=57
  26 n= 35 xh= 30.09px/ 5.42pt asc= 46.32/ 8.34 desc=12.64/2.28 fb=0.57 fx=0.31 h=61
  27 n= 52 xh= 31.65px/ 5.70pt asc= 45.91/ 8.26 desc= 8.09/1.46 fb=0.42 fx=0.37 h=56
  28 n= 28 xh= 36.11px/ 6.50pt asc= 54.71/ 9.85 desc= 7.35/1.32 fb=0.75 fx=0.36 h=68
  29 n= 32 xh= 30.73px/ 5.53pt asc= 55.42/ 9.98 desc= 5.14/0.93 fb=0.81 fx=0.50 h=68
  30 n= 39 xh= 44.17px/ 7.95pt asc= 46.58/ 8.38 desc=13.14/2.37 fb=0.54 fx=0.33 h=62
  31 n= 41 xh= 43.86px/ 7.89pt asc= 47.92/ 8.63 desc= 2.08/0.37 fb=0.63 fx=0.37 h=50
  32 n= 48 xh= 29.83px/ 5.37pt asc= 45.89/ 8.26 desc=11.17/2.01 fb=0.56 fx=0.35 h=58
  33 n= 50 xh= 28.89px/ 5.20pt asc= 42.96/ 7.73 desc=10.04/1.81 fb=0.54 fx=0.52 h=54
  34 n= 45 xh= 32.40px/ 5.83pt asc= 44.20/ 7.96 desc= 9.04/1.63 fb=0.53 fx=0.42 h=55

== p76
   0 n= 41 xh= 44.79px/ 8.06pt asc= 46.24/ 8.32 desc=10.96/1.97 fb=0.71 fx=0.27 h=58
   1 n= 50 xh= 31.10px/ 5.60pt asc= 43.95/ 7.91 desc= 9.09/1.64 fb=0.76 fx=0.52 h=55
   2 n= 59 xh= 30.87px/ 5.56pt asc= 44.79/ 8.06 desc= 2.89/0.52 fb=0.63 fx=0.46 h=57
   3 n= 57 xh= 30.93px/ 5.57pt asc= 46.69/ 8.40 desc= 7.23/1.30 fb=0.74 fx=0.44 h=60
   4 n= 49 xh= 30.98px/ 5.58pt asc= 44.13/ 7.94 desc=12.87/2.32 fb=0.80 fx=0.55 h=57
   5 n= 15 xh=  7.39px/ 1.33pt asc=  8.17/ 1.47 desc=50.11/9.02 fb=0.40 fx=0.60 h=65
   6 n= 56 xh= 30.34px/ 5.46pt asc= 50.52/ 9.09 desc=11.68/2.10 fb=0.66 fx=0.57 h=64
   7 n= 42 xh= 31.18px/ 5.61pt asc= 45.28/ 8.15 desc= 2.80/0.50 fb=0.76 fx=0.48 h=53
   8 n= 50 xh= 31.08px/ 5.59pt asc= 44.05/ 7.93 desc=10.95/1.97 fb=0.84 fx=0.66 h=55
   9 n= 47 xh= 30.89px/ 5.56pt asc= 42.64/ 7.67 desc=12.36/2.23 fb=0.70 fx=0.60 h=55
  10 n= 52 xh= 30.53px/ 5.49pt asc= 42.39/ 7.63 desc= 1.61/0.29 fb=0.85 fx=0.69 h=55
  11 n= 21 xh= 31.13px/ 5.60pt asc= 42.29/ 7.61 desc=17.11/3.08 fb=0.81 fx=0.57 h=64
  13 n= 50 xh= 29.93px/ 5.39pt asc= 42.78/ 7.70 desc=12.64/2.28 fb=0.72 fx=0.52 h=76
  15 n= 22 xh= 30.61px/ 5.51pt asc= 44.79/ 8.06 desc=11.53/2.08 fb=0.77 fx=0.64 h=58
  18 n= 41 xh= 30.62px/ 5.51pt asc= 42.57/ 7.66 desc= 3.63/0.65 fb=0.85 fx=0.49 h=55
  34 n= 17 xh= 31.06px/ 5.59pt asc= 42.97/ 7.73 desc= 0.71/0.13 fb=0.82 fx=0.53 h=44
  35 n= 38 xh= 31.18px/ 5.61pt asc= 45.86/ 8.26 desc=11.40/2.05 fb=0.76 fx=0.58 h=58
  36 n= 63 xh= 30.66px/ 5.52pt asc= 49.22/ 8.86 desc=10.86/1.95 fb=0.65 fx=0.40 h=64
  37 n= 32 xh= 31.12px/ 5.60pt asc= 43.65/ 7.86 desc=11.11/2.00 fb=0.84 fx=0.53 h=56
  38 n= 43 xh= 32.95px/ 5.93pt asc= 45.25/ 8.14 desc= 2.67/0.48 fb=0.79 fx=0.51 h=58
  39 n= 42 xh= 30.10px/ 5.42pt asc= 43.03/ 7.75 desc=11.97/2.15 fb=0.76 fx=0.67 h=55
  40 n= 26 xh= 31.02px/ 5.58pt asc= 44.09/ 7.94 desc= 1.41/0.25 fb=0.85 fx=0.58 h=46
  41 n= 37 xh= 31.19px/ 5.61pt asc= 42.22/ 7.60 desc= 4.02/0.72 fb=0.86 fx=0.65 h=52
  42 n= 29 xh= 30.79px/ 5.54pt asc= 46.00/ 8.28 desc=10.44/1.88 fb=0.66 fx=0.48 h=57
  43 n= 44 xh= 31.06px/ 5.59pt asc= 45.43/ 8.18 desc=10.13/1.82 fb=0.77 fx=0.50 h=59
  44 n= 42 xh= 31.52px/ 5.67pt asc= 44.07/ 7.93 desc=11.11/2.00 fb=0.71 fx=0.52 h=56
  45 n= 42 xh= 31.10px/ 5.60pt asc= 43.33/ 7.80 desc=11.03/1.99 fb=0.79 fx=0.48 h=56
  46 n= 43 xh= 30.20px/ 5.44pt asc= 45.30/ 8.15 desc=10.02/1.80 fb=0.81 fx=0.40 h=57
  47 n= 20 xh= 37.06px/ 6.67pt asc= 52.30/ 9.41 desc= 9.00/1.62 fb=0.80 fx=0.55 h=67

== p78
   0 n= 31 xh= 30.78px/ 5.54pt asc= 41.18/ 7.41 desc= 9.82/1.77 fb=0.90 fx=0.81 h=51
   1 n= 39 xh= 30.52px/ 5.49pt asc= 42.28/ 7.61 desc= 0.72/0.13 fb=1.00 fx=0.54 h=43
   2 n= 38 xh= 30.62px/ 5.51pt asc= 41.86/ 7.54 desc=10.14/1.82 fb=0.95 fx=0.76 h=52
   3 n= 37 xh= 31.01px/ 5.58pt asc= 42.82/ 7.71 desc=10.46/1.88 fb=0.89 fx=0.70 h=54
   4 n= 42 xh= 30.72px/ 5.53pt asc= 42.00/ 7.56 desc= 2.80/0.50 fb=0.98 fx=0.60 h=53
   5 n= 46 xh= 30.76px/ 5.54pt asc= 45.88/ 8.26 desc=10.22/1.84 fb=0.89 fx=0.37 h=57
   6 n= 51 xh= 31.48px/ 5.67pt asc= 44.67/ 8.04 desc=11.33/2.04 fb=0.82 fx=0.73 h=57
   7 n= 27 xh= 31.05px/ 5.59pt asc= 42.96/ 7.73 desc=10.52/1.89 fb=0.85 fx=0.78 h=54
   8 n= 36 xh= 31.21px/ 5.62pt asc= 42.30/ 7.61 desc=12.00/2.16 fb=0.89 fx=0.81 h=55
   9 n= 57 xh= 31.05px/ 5.59pt asc= 42.82/ 7.71 desc=11.06/1.99 fb=0.89 fx=0.68 h=54
  10 n= 40 xh= 31.81px/ 5.73pt asc= 45.97/ 8.28 desc=11.25/2.02 fb=0.93 fx=0.45 h=58
  11 n= 18 xh= 30.78px/ 5.54pt asc= 42.06/ 7.57 desc=10.94/1.97 fb=0.89 fx=0.78 h=53
  12 n= 23 xh= 31.25px/ 5.62pt asc= 50.59/ 9.11 desc= 8.09/1.46 fb=0.87 fx=0.61 h=71
  17 n= 44 xh= 40.55px/ 7.30pt asc= 41.66/ 7.50 desc=10.34/1.86 fb=0.80 fx=0.61 h=54
  19 n= 59 xh= 30.70px/ 5.53pt asc= 42.73/ 7.69 desc=11.27/2.03 fb=0.75 fx=0.59 h=74
  21 n= 54 xh= 30.47px/ 5.48pt asc= 42.56/ 7.66 desc=10.32/1.86 fb=0.93 fx=0.63 h=77
  22 n= 66 xh= 30.75px/ 5.54pt asc= 42.94/ 7.73 desc=10.76/1.94 fb=0.82 fx=0.55 h=75
  30 n= 43 xh= 40.78px/ 7.34pt asc= 58.99/10.62 desc=13.33/2.40 fb=0.81 fx=0.47 h=74
  31 n= 18 xh= 40.94px/ 7.37pt asc= 41.94/ 7.55 desc= 0.72/0.13 fb=0.94 fx=0.56 h=43
  32 n= 34 xh= 30.69px/ 5.52pt asc= 42.57/ 7.66 desc=10.43/1.88 fb=0.88 fx=0.71 h=53
  33 n= 28 xh= 31.00px/ 5.58pt asc= 42.50/ 7.65 desc= 7.26/1.31 fb=0.93 fx=0.50 h=53

== p79
   0 n= 95 xh= 62.50px/11.25pt asc= 62.75/11.29 desc=189.49/34.11 fb=0.04 fx=0.04 h=269
   1 n=355 xh= 16.00px/ 2.88pt asc= 16.00/ 2.88 desc=726.84/130.83 fb=0.01 fx=0.03 h=806
  12 n= 41 xh= 32.81px/ 5.91pt asc= 48.15/ 8.67 desc=11.85/2.13 fb=0.66 fx=0.29 h=64
  14 n= 41 xh= 31.25px/ 5.62pt asc= 46.48/ 8.37 desc= 6.12/1.10 fb=0.59 fx=0.44 h=79
  16 n= 24 xh= 30.51px/ 5.49pt asc= 42.26/ 7.61 desc= 6.60/1.19 fb=0.79 fx=0.50 h=54
  17 n= 41 xh= 39.05px/ 7.03pt asc= 55.05/ 9.91 desc=12.75/2.29 fb=0.46 fx=0.32 h=71
  18 n= 42 xh= 33.62px/ 6.05pt asc= 47.97/ 8.63 desc=11.39/2.05 fb=0.45 fx=0.43 h=65
  19 n= 39 xh= 34.99px/ 6.30pt asc= 46.62/ 8.39 desc=12.10/2.18 fb=0.54 fx=0.33 h=61
  20 n= 37 xh= 34.57px/ 6.22pt asc= 47.00/ 8.46 desc=10.28/1.85 fb=0.59 fx=0.38 h=58
